###############################################################################
#
# IAR ELF Linker V9.60.3.422/W64 for ARM                  19/Jul/2025  13:25:35
# Copyright 2007-2024 IAR Systems AB.
#
#    Output file  =  E:\DIanSai\HSPv2_HC04 - 副本\Debug\Exe\HSP.out
#    Map file     =  E:\DIanSai\HSPv2_HC04 - 副本\Debug\List\HSP.map
#    Command line =
#        -f "E:\DIanSai\HSPv2_HC04 - 副本\Debug\Exe\HSP.out.rsp"
#        ("E:\DIanSai\HSPv2_HC04 -
#        副本\Debug\Obj\App_2489385672134236918.dir\00_MENU.o"
#        "E:\DIanSai\HSPv2_HC04 -
#        副本\Debug\Obj\FatFS_2687367267609184630.dir\diskio.o"
#        "E:\DIanSai\HSPv2_HC04 -
#        副本\Debug\Obj\App_2489385672134236918.dir\Ex1_gpio.o"
#        "E:\DIanSai\HSPv2_HC04 -
#        副本\Debug\Obj\App_2489385672134236918.dir\Ex2_I2c.o"
#        "E:\DIanSai\HSPv2_HC04 -
#        副本\Debug\Obj\App_2489385672134236918.dir\Ex3_tft18.o"
#        "E:\DIanSai\HSPv2_HC04 -
#        副本\Debug\Obj\App_2489385672134236918.dir\Ex4_adc.o"
#        "E:\DIanSai\HSPv2_HC04 -
#        副本\Debug\Obj\App_2489385672134236918.dir\Ex5_uart.o"
#        "E:\DIanSai\HSPv2_HC04 -
#        副本\Debug\Obj\App_2489385672134236918.dir\Ex6_pwm.o"
#        "E:\DIanSai\HSPv2_HC04 -
#        副本\Debug\Obj\App_2489385672134236918.dir\Ex7_dci.o"
#        "E:\DIanSai\HSPv2_HC04 -
#        副本\Debug\Obj\App_2489385672134236918.dir\Ex8_rtc.o"
#        "E:\DIanSai\HSPv2_HC04 -
#        副本\Debug\Obj\FatFS_2687367267609184630.dir\ff.o"
#        "E:\DIanSai\HSPv2_HC04 -
#        副本\Debug\Obj\FatFS_2687367267609184630.dir\ffunicode.o"
#        "E:\DIanSai\HSPv2_HC04 -
#        副本\Debug\Obj\GD32F470_Peripherals_11143062579488607573.dir\gd32f4xx_adc.o"
#        "E:\DIanSai\HSPv2_HC04 -
#        副本\Debug\Obj\GD32F470_Peripherals_11143062579488607573.dir\gd32f4xx_can.o"
#        "E:\DIanSai\HSPv2_HC04 -
#        副本\Debug\Obj\GD32F470_Peripherals_11143062579488607573.dir\gd32f4xx_crc.o"
#        "E:\DIanSai\HSPv2_HC04 -
#        副本\Debug\Obj\GD32F470_Peripherals_11143062579488607573.dir\gd32f4xx_ctc.o"
#        "E:\DIanSai\HSPv2_HC04 -
#        副本\Debug\Obj\GD32F470_Peripherals_11143062579488607573.dir\gd32f4xx_dac.o"
#        "E:\DIanSai\HSPv2_HC04 -
#        副本\Debug\Obj\GD32F470_Peripherals_11143062579488607573.dir\gd32f4xx_dbg.o"
#        "E:\DIanSai\HSPv2_HC04 -
#        副本\Debug\Obj\GD32F470_Peripherals_11143062579488607573.dir\gd32f4xx_dci.o"
#        "E:\DIanSai\HSPv2_HC04 -
#        副本\Debug\Obj\GD32F470_Peripherals_11143062579488607573.dir\gd32f4xx_dma.o"
#        "E:\DIanSai\HSPv2_HC04 -
#        副本\Debug\Obj\GD32F470_Peripherals_11143062579488607573.dir\gd32f4xx_enet.o"
#        "E:\DIanSai\HSPv2_HC04 -
#        副本\Debug\Obj\GD32F470_Peripherals_11143062579488607573.dir\gd32f4xx_exmc.o"
#        "E:\DIanSai\HSPv2_HC04 -
#        副本\Debug\Obj\GD32F470_Peripherals_11143062579488607573.dir\gd32f4xx_exti.o"
#        "E:\DIanSai\HSPv2_HC04 -
#        副本\Debug\Obj\GD32F470_Peripherals_11143062579488607573.dir\gd32f4xx_fmc.o"
#        "E:\DIanSai\HSPv2_HC04 -
#        副本\Debug\Obj\GD32F470_Peripherals_11143062579488607573.dir\gd32f4xx_fwdgt.o"
#        "E:\DIanSai\HSPv2_HC04 -
#        副本\Debug\Obj\GD32F470_Peripherals_11143062579488607573.dir\gd32f4xx_gpio.o"
#        "E:\DIanSai\HSPv2_HC04 -
#        副本\Debug\Obj\GD32F470_Peripherals_11143062579488607573.dir\gd32f4xx_i2c.o"
#        "E:\DIanSai\HSPv2_HC04 -
#        副本\Debug\Obj\GD32F470_Peripherals_11143062579488607573.dir\gd32f4xx_ipa.o"
#        "E:\DIanSai\HSPv2_HC04 -
#        副本\Debug\Obj\GD32F470_Peripherals_11143062579488607573.dir\gd32f4xx_iref.o"
#        "E:\DIanSai\HSPv2_HC04 -
#        副本\Debug\Obj\Main_13238667732884069010.dir\gd32f4xx_it.o"
#        "E:\DIanSai\HSPv2_HC04 -
#        副本\Debug\Obj\GD32F470_Peripherals_11143062579488607573.dir\gd32f4xx_misc.o"
#        "E:\DIanSai\HSPv2_HC04 -
#        副本\Debug\Obj\GD32F470_Peripherals_11143062579488607573.dir\gd32f4xx_pmu.o"
#        "E:\DIanSai\HSPv2_HC04 -
#        副本\Debug\Obj\GD32F470_Peripherals_11143062579488607573.dir\gd32f4xx_rcu.o"
#        "E:\DIanSai\HSPv2_HC04 -
#        副本\Debug\Obj\GD32F470_Peripherals_11143062579488607573.dir\gd32f4xx_rtc.o"
#        "E:\DIanSai\HSPv2_HC04 -
#        副本\Debug\Obj\GD32F470_Peripherals_11143062579488607573.dir\gd32f4xx_sdio.o"
#        "E:\DIanSai\HSPv2_HC04 -
#        副本\Debug\Obj\GD32F470_Peripherals_11143062579488607573.dir\gd32f4xx_spi.o"
#        "E:\DIanSai\HSPv2_HC04 -
#        副本\Debug\Obj\GD32F470_Peripherals_11143062579488607573.dir\gd32f4xx_syscfg.o"
#        "E:\DIanSai\HSPv2_HC04 -
#        副本\Debug\Obj\GD32F470_Peripherals_11143062579488607573.dir\gd32f4xx_timer.o"
#        "E:\DIanSai\HSPv2_HC04 -
#        副本\Debug\Obj\GD32F470_Peripherals_11143062579488607573.dir\gd32f4xx_tli.o"
#        "E:\DIanSai\HSPv2_HC04 -
#        副本\Debug\Obj\GD32F470_Peripherals_11143062579488607573.dir\gd32f4xx_trng.o"
#        "E:\DIanSai\HSPv2_HC04 -
#        副本\Debug\Obj\GD32F470_Peripherals_11143062579488607573.dir\gd32f4xx_usart.o"
#        "E:\DIanSai\HSPv2_HC04 -
#        副本\Debug\Obj\GD32F470_Peripherals_11143062579488607573.dir\gd32f4xx_wwdgt.o"
#        "E:\DIanSai\HSPv2_HC04 -
#        副本\Debug\Obj\Utilities_17002154029713865955.dir\GFX_FUNCTIONS.o"
#        "E:\DIanSai\HSPv2_HC04 -
#        副本\Debug\Obj\Board_7221520210927654578.dir\hsp_adc.o"
#        "E:\DIanSai\HSPv2_HC04 -
#        副本\Debug\Obj\Utilities_17002154029713865955.dir\HSP_CAT9555.o"
#        "E:\DIanSai\HSPv2_HC04 -
#        副本\Debug\Obj\Utilities_17002154029713865955.dir\HSP_COMM.o"
#        "E:\DIanSai\HSPv2_HC04 -
#        副本\Debug\Obj\Board_7221520210927654578.dir\hsp_dci.o"
#        "E:\DIanSai\HSPv2_HC04 -
#        副本\Debug\Obj\Utilities_17002154029713865955.dir\HSP_ENCODER.o"
#        "E:\DIanSai\HSPv2_HC04 -
#        副本\Debug\Obj\Utilities_17002154029713865955.dir\HSP_GD25Q64.o"
#        "E:\DIanSai\HSPv2_HC04 -
#        副本\Debug\Obj\Board_7221520210927654578.dir\hsp_gpio.o"
#        "E:\DIanSai\HSPv2_HC04 -
#        副本\Debug\Obj\Board_7221520210927654578.dir\hsp_i2c.o"
#        "E:\DIanSai\HSPv2_HC04 -
#        副本\Debug\Obj\Utilities_17002154029713865955.dir\HSP_MMA8451.o"
#        "E:\DIanSai\HSPv2_HC04 -
#        副本\Debug\Obj\Utilities_17002154029713865955.dir\HSP_MOTOR.o"
#        "E:\DIanSai\HSPv2_HC04 -
#        副本\Debug\Obj\Utilities_17002154029713865955.dir\HSP_MT9V034.o"
#        "E:\DIanSai\HSPv2_HC04 -
#        副本\Debug\Obj\Board_7221520210927654578.dir\hsp_rtc.o"
#        "E:\DIanSai\HSPv2_HC04 -
#        副本\Debug\Obj\Utilities_17002154029713865955.dir\HSP_SDCARD.o"
#        "E:\DIanSai\HSPv2_HC04 -
#        副本\Debug\Obj\Board_7221520210927654578.dir\hsp_spi.o"
#        "E:\DIanSai\HSPv2_HC04 -
#        副本\Debug\Obj\Utilities_17002154029713865955.dir\HSP_TFT18.o"
#        "E:\DIanSai\HSPv2_HC04 -
#        副本\Debug\Obj\Board_7221520210927654578.dir\hsp_timer.o"
#        "E:\DIanSai\HSPv2_HC04 -
#        副本\Debug\Obj\Utilities_17002154029713865955.dir\HSP_TSL1401.o"
#        "E:\DIanSai\HSPv2_HC04 -
#        副本\Debug\Obj\Board_7221520210927654578.dir\hsp_uart.o"
#        "E:\DIanSai\HSPv2_HC04 -
#        副本\Debug\Obj\Utilities_17002154029713865955.dir\HSP_WRITE.o"
#        "E:\DIanSai\HSPv2_HC04 -
#        副本\Debug\Obj\App_2489385672134236918.dir\Lab1_hmi.o"
#        "E:\DIanSai\HSPv2_HC04 -
#        副本\Debug\Obj\App_2489385672134236918.dir\Lab2_sensor.o"
#        "E:\DIanSai\HSPv2_HC04 -
#        副本\Debug\Obj\App_2489385672134236918.dir\Lab3_ccd.o"
#        "E:\DIanSai\HSPv2_HC04 -
#        副本\Debug\Obj\App_2489385672134236918.dir\Lab4_motor.o"
#        "E:\DIanSai\HSPv2_HC04 -
#        副本\Debug\Obj\Main_13238667732884069010.dir\main.o"
#        "E:\DIanSai\HSPv2_HC04 -
#        副本\Debug\Obj\App_2489385672134236918.dir\Project1_LineFollower.o"
#        "E:\DIanSai\HSPv2_HC04 -
#        副本\Debug\Obj\Startup_17868067532763321386.dir\startup_gd32f450_470.o"
#        "E:\DIanSai\HSPv2_HC04 -
#        副本\Debug\Obj\CMSIS_13545061835669826545.dir\system_gd32f4xx.o"
#        "E:\DIanSai\HSPv2_HC04 -
#        副本\Debug\Obj\Main_13238667732884069010.dir\systick.o" --redirect
#        _Printf=_PrintfFullNoMb --redirect _Scanf=_ScanfFullNoMb
#        --no_out_extension -o "E:\DIanSai\HSPv2_HC04 - 副本\Debug\Exe\HSP.out"
#        --map "E:\DIanSai\HSPv2_HC04 - 副本\Debug\List\HSP.map" --config
#        E:\iar\ewarm-9.60.3\arm/config/linker/GD/GD32F470xG.icf --semihosting
#        --entry __iar_program_start --redirect __write=__write_buffered --vfe
#        --text_out locale --cpu=Cortex-M4 --fpu=VFPv4_sp) --dependencies=n
#        "E:\DIanSai\HSPv2_HC04 - 副本\Debug\Exe\HSP.out.iar_deps"
#
###############################################################################

*******************************************************************************
*** RUNTIME MODEL ATTRIBUTES
***

CppFlavor       = *
__CPP_Runtime   = 1
__SystemLibrary = DLib
__dlib_version  = 6


*******************************************************************************
*** HEAP SELECTION
***

The basic heap was selected because --advanced_heap
was not specified and the application did not appear to
be primarily optimized for speed.


*******************************************************************************
*** PLACEMENT SUMMARY
***

"A0":  place at address 0x800'0000 { ro section .intvec };
"P1":  place in [from 0x800'0000 to 0x80f'ffff] { ro };
define block CSTACK with size = 8K, alignment = 8 { };
define block HEAP with size = 8K, alignment = 8 { };
"P2":  place in [from 0x2000'0000 to 0x2006'ffff] {
          rw, block CSTACK, block HEAP };
initialize by copy { rw };

No sections matched the following patterns:

  section .sram  in "P3"


  Section            Kind         Address  Alignment    Size  Object
  -------            ----         -------  ---------    ----  ------
"A0":                                                  0x1ac
  .intvec            ro code   0x800'0000          4   0x1ac  startup_gd32f450_470.o [7]
                             - 0x800'01ac              0x1ac

"P1":                                                 0x4b51
  .text              ro code   0x800'01ac          4   0xece  xprintffull_nomb.o [9]
  .text              ro code   0x800'107a          2    0x7e  lz77_init_single.o [11]
  .text              ro code   0x800'10f8          4    0x16  strchr.o [11]
  .rodata            const     0x800'110e          2     0x2  xlocale_c.o [9]
  .text              ro code   0x800'1110          4    0x40  xfail_s.o [9]
  .text              ro code   0x800'1150          4    0x36  strlen.o [11]
  .rodata            const     0x800'1186                0x1  xlocale_c.o [9]
  .text              ro code   0x800'1188          4    0x58  memchr.o [11]
  .text              ro code   0x800'11e0          4    0xa6  ABImemcpy.o [11]
  .text              ro code   0x800'1288          4    0x70  frexp.o [10]
  .text              ro code   0x800'12f8          4    0x34  DblCmpLe.o [10]
  .text              ro code   0x800'132c          4    0x34  DblCmpGe.o [10]
  .text              ro code   0x800'1360          4   0x13a  ldexp.o [10]
  .text              ro code   0x800'149c          4    0x36  DblToS32.o [10]
  .text              ro code   0x800'14d4          4    0x22  S32ToDbl.o [10]
  .text              ro code   0x800'14f8          4   0x25e  DblAddSub.o [10]
  .text              ro code   0x800'1758          4   0x246  DblDiv.o [10]
  .text              ro code   0x800'19a0          4    0x22  DblToU32.o [10]
  .text              ro code   0x800'19c4          4    0x1c  U32ToDbl.o [10]
  .text              ro code   0x800'19e0          4   0x1aa  DblMul.o [10]
  .text              ro code   0x800'1b8c          4     0x8  xlocale_c.o [9]
  .text              ro code   0x800'1b94          4   0x230  I64DivMod.o [11]
  .text              ro code   0x800'1dc4          2     0x6  abort.o [9]
  .text              ro code   0x800'1dcc          4     0x2  I64DivZer.o [11]
  .text              ro code   0x800'1dd0          4    0x14  exit.o [12]
  .text              ro code   0x800'1de4          4   0x5fc  gd32f4xx_dma.o [5]
  .rodata            const     0x800'23e0          4   0x5f0  HSP_TFT18.o [8]
  .text              ro code   0x800'29d0          4   0x52a  HSP_MMA8451.o [8]
  .text              ro code   0x800'2efc          4    0x28  printf.o [9]
  .text              ro code   0x800'2f24          4   0x198  gd32f4xx_rcu.o [5]
  .text              ro code   0x800'30bc          4   0x174  gd32f4xx_gpio.o [5]
  .text              ro code   0x800'3230          4   0x224  gd32f4xx_i2c.o [5]
  .text              ro code   0x800'3454          4   0x3da  gd32f4xx_usart.o [5]
  .text              ro code   0x800'3830          4   0x358  HSP_TFT18.o [8]
  .text              ro code   0x800'3b88          4    0xb8  systick.o [6]
  .text              ro code   0x800'3c40          4   0x19c  hsp_gpio.o [2]
  .text              ro code   0x800'3ddc          4   0x164  system_gd32f4xx.o [3]
  .text              ro code   0x800'3f40          4   0x15c  main.o [6]
  .text              ro code   0x800'409c          4    0xe4  gd32f4xx_misc.o [5]
  .text              ro code   0x800'4180          4    0x34  HSP_CAT9555.o [8]
  .text              ro code   0x800'41b4          4    0xf0  hsp_spi.o [2]
  .text              ro code   0x800'42a4          4   0x158  hsp_uart.o [2]
  .text              ro code   0x800'43fc          4   0x12c  hsp_i2c.o [2]
  .text              ro code   0x800'4528          4    0x6a  gd32f4xx_spi.o [5]
  .text              ro code   0x800'4594          4   0x120  gd32f4xx_it.o [6]
  .text              ro code   0x800'46b4          4    0x3e  gd32f4xx_timer.o [5]
  .text              ro code   0x800'46f4          4    0x20  gd32f4xx_exti.o [5]
  .text              ro code   0x800'4714          4   0x110  hsp_dci.o [2]
  .text              ro code   0x800'4824          4    0xbc  xxwritebuffered.o [9]
  .text              ro code   0x800'48e0          4    0x3c  HSP_WRITE.o [8]
  .text              ro code   0x800'491c          4    0x44  putchar.o [9]
  .text              ro code   0x800'4960          4    0x40  hsp_timer.o [2]
  .text              ro code   0x800'49a0          4    0x40  xcloseall.o [9]
  .text              ro code   0x800'49e0          2    0x38  zero_init3.o [11]
  .text              ro code   0x800'4a18          4    0x28  data_init.o [11]
  .text              ro code   0x800'4a40          4    0x22  fpinit_M.o [10]
  .iar.init_table    const     0x800'4a64          4    0x28  - Linker created -
  .text              ro code   0x800'4a8c          4    0x1e  cmain.o [11]
  .text              ro code   0x800'4aaa          2     0x4  low_level_init.o [9]
  .text              ro code   0x800'4aae          2     0x4  exit.o [9]
  .text              ro code   0x800'4ab4          4     0xe  cexit.o [11]
  .text              ro code   0x800'4ac4          4    0x1c  cstartup_M.o [11]
  .rodata            const     0x800'4ae0          4    0x18  HSP_MMA8451.o [8]
  .text              ro code   0x800'4af8          2    0x16  xprout.o [9]
  .rodata            const     0x800'4b10          4    0x10  gd32f4xx_rcu.o [5]
  .text              ro code   0x800'4b20          4    0x10  startup_gd32f450_470.o [7]
  .rodata            const     0x800'4b30          4     0x8  gd32f4xx_rcu.o [5]
  .rodata            const     0x800'4b38          4     0x8  gd32f4xx_rcu.o [5]
  .text              ro code   0x800'4b40          2     0x4  startup_gd32f450_470.o [7]
  .text              ro code   0x800'4b44          2     0x4  startup_gd32f450_470.o [7]
  .text              ro code   0x800'4b48          2     0x4  startup_gd32f450_470.o [7]
  .text              ro code   0x800'4b4c          2     0x4  startup_gd32f450_470.o [7]
  .text              ro code   0x800'4b50          2     0x4  startup_gd32f450_470.o [7]
  .text              ro code   0x800'4b54          2     0x4  startup_gd32f450_470.o [7]
  .text              ro code   0x800'4b58          2     0x4  startup_gd32f450_470.o [7]
  .text              ro code   0x800'4b5c          2     0x4  startup_gd32f450_470.o [7]
  .text              ro code   0x800'4b60          2     0x4  startup_gd32f450_470.o [7]
  .text              ro code   0x800'4b64          2     0x4  startup_gd32f450_470.o [7]
  .text              ro code   0x800'4b68          2     0x4  startup_gd32f450_470.o [7]
  .text              ro code   0x800'4b6c          2     0x4  startup_gd32f450_470.o [7]
  .text              ro code   0x800'4b70          2     0x4  startup_gd32f450_470.o [7]
  .text              ro code   0x800'4b74          2     0x4  startup_gd32f450_470.o [7]
  .text              ro code   0x800'4b78          2     0x4  startup_gd32f450_470.o [7]
  .text              ro code   0x800'4b7c          2     0x4  startup_gd32f450_470.o [7]
  .text              ro code   0x800'4b80          2     0x4  startup_gd32f450_470.o [7]
  .text              ro code   0x800'4b84          2     0x4  startup_gd32f450_470.o [7]
  .text              ro code   0x800'4b88          2     0x4  startup_gd32f450_470.o [7]
  .text              ro code   0x800'4b8c          2     0x4  startup_gd32f450_470.o [7]
  .text              ro code   0x800'4b90          2     0x4  startup_gd32f450_470.o [7]
  .text              ro code   0x800'4b94          2     0x4  startup_gd32f450_470.o [7]
  .text              ro code   0x800'4b98          2     0x4  startup_gd32f450_470.o [7]
  .text              ro code   0x800'4b9c          2     0x4  startup_gd32f450_470.o [7]
  .text              ro code   0x800'4ba0          2     0x4  startup_gd32f450_470.o [7]
  .text              ro code   0x800'4ba4          2     0x4  startup_gd32f450_470.o [7]
  .text              ro code   0x800'4ba8          2     0x4  startup_gd32f450_470.o [7]
  .text              ro code   0x800'4bac          2     0x4  startup_gd32f450_470.o [7]
  .text              ro code   0x800'4bb0          2     0x4  startup_gd32f450_470.o [7]
  .text              ro code   0x800'4bb4          2     0x4  startup_gd32f450_470.o [7]
  .text              ro code   0x800'4bb8          2     0x4  startup_gd32f450_470.o [7]
  .text              ro code   0x800'4bbc          2     0x4  startup_gd32f450_470.o [7]
  .text              ro code   0x800'4bc0          2     0x4  startup_gd32f450_470.o [7]
  .text              ro code   0x800'4bc4          2     0x4  startup_gd32f450_470.o [7]
  .text              ro code   0x800'4bc8          2     0x4  startup_gd32f450_470.o [7]
  .text              ro code   0x800'4bcc          2     0x4  startup_gd32f450_470.o [7]
  .text              ro code   0x800'4bd0          2     0x4  startup_gd32f450_470.o [7]
  .text              ro code   0x800'4bd4          2     0x4  startup_gd32f450_470.o [7]
  .text              ro code   0x800'4bd8          2     0x4  startup_gd32f450_470.o [7]
  .text              ro code   0x800'4bdc          2     0x4  startup_gd32f450_470.o [7]
  .text              ro code   0x800'4be0          2     0x4  startup_gd32f450_470.o [7]
  .text              ro code   0x800'4be4          2     0x4  startup_gd32f450_470.o [7]
  .text              ro code   0x800'4be8          2     0x4  startup_gd32f450_470.o [7]
  .text              ro code   0x800'4bec          2     0x4  startup_gd32f450_470.o [7]
  .text              ro code   0x800'4bf0          2     0x4  startup_gd32f450_470.o [7]
  .text              ro code   0x800'4bf4          2     0x4  startup_gd32f450_470.o [7]
  .text              ro code   0x800'4bf8          2     0x4  startup_gd32f450_470.o [7]
  .text              ro code   0x800'4bfc          2     0x4  startup_gd32f450_470.o [7]
  .text              ro code   0x800'4c00          2     0x4  startup_gd32f450_470.o [7]
  .text              ro code   0x800'4c04          2     0x4  startup_gd32f450_470.o [7]
  .text              ro code   0x800'4c08          2     0x4  startup_gd32f450_470.o [7]
  .text              ro code   0x800'4c0c          2     0x4  startup_gd32f450_470.o [7]
  .text              ro code   0x800'4c10          2     0x4  startup_gd32f450_470.o [7]
  .text              ro code   0x800'4c14          2     0x4  startup_gd32f450_470.o [7]
  .text              ro code   0x800'4c18          2     0x4  startup_gd32f450_470.o [7]
  .text              ro code   0x800'4c1c          2     0x4  startup_gd32f450_470.o [7]
  .text              ro code   0x800'4c20          2     0x4  startup_gd32f450_470.o [7]
  .text              ro code   0x800'4c24          2     0x4  startup_gd32f450_470.o [7]
  .text              ro code   0x800'4c28          2     0x4  startup_gd32f450_470.o [7]
  .text              ro code   0x800'4c2c          2     0x4  startup_gd32f450_470.o [7]
  .text              ro code   0x800'4c30          2     0x4  startup_gd32f450_470.o [7]
  .text              ro code   0x800'4c34          2     0x4  startup_gd32f450_470.o [7]
  .text              ro code   0x800'4c38          2     0x4  startup_gd32f450_470.o [7]
  .text              ro code   0x800'4c3c          2     0x4  startup_gd32f450_470.o [7]
  .text              ro code   0x800'4c40          2     0x4  startup_gd32f450_470.o [7]
  .text              ro code   0x800'4c44          2     0x4  startup_gd32f450_470.o [7]
  .text              ro code   0x800'4c48          2     0x4  startup_gd32f450_470.o [7]
  .text              ro code   0x800'4c4c          2     0x4  startup_gd32f450_470.o [7]
  .text              ro code   0x800'4c50          2     0x4  startup_gd32f450_470.o [7]
  .text              ro code   0x800'4c54          2     0x4  startup_gd32f450_470.o [7]
  .text              ro code   0x800'4c58          2     0x4  startup_gd32f450_470.o [7]
  .text              ro code   0x800'4c5c          2     0x4  startup_gd32f450_470.o [7]
  .text              ro code   0x800'4c60          2     0x4  startup_gd32f450_470.o [7]
  .text              ro code   0x800'4c64          2     0x4  startup_gd32f450_470.o [7]
  .text              ro code   0x800'4c68          2     0x4  startup_gd32f450_470.o [7]
  .text              ro code   0x800'4c6c          2     0x4  startup_gd32f450_470.o [7]
  .text              ro code   0x800'4c70          2     0x4  startup_gd32f450_470.o [7]
  .text              ro code   0x800'4c74          2     0x4  startup_gd32f450_470.o [7]
  .text              ro code   0x800'4c78          2     0x4  startup_gd32f450_470.o [7]
  .text              ro code   0x800'4c7c          2     0x4  startup_gd32f450_470.o [7]
  .text              ro code   0x800'4c80          2     0x4  startup_gd32f450_470.o [7]
  .text              ro code   0x800'4c84          2     0x4  startup_gd32f450_470.o [7]
  .text              ro code   0x800'4c88          2     0x4  startup_gd32f450_470.o [7]
  .text              ro code   0x800'4c8c          2     0x4  startup_gd32f450_470.o [7]
  .text              ro code   0x800'4c90          4     0x0  cstart_closeall.o [11]
  .rodata            const     0x800'4c90                0x0  zero_init3.o [11]
  .rodata            const     0x800'4c90                0x0  lz77_init_single.o [11]
  Initializer bytes  const     0x800'4c90               0x6d  <for P2-1>
                             - 0x800'4cfd             0x4b51

"P2", part 1 of 3:                                     0x138
  P2-1                        0x2000'0000              0x138  <Init block>
    .data            inited   0x2000'0000          4     0x4  main.o [6]
    .data            inited   0x2000'0004          4     0x4  system_gd32f4xx.o [3]
    .data            inited   0x2000'0008          4    0x38  xlocale_c.o [9]
    .data            inited   0x2000'0040          4    0x48  xfiles.o [9]
    .data            inited   0x2000'0088          4    0x48  xfiles.o [9]
    .data            inited   0x2000'00d0          4    0x48  xfiles.o [9]
    .data            inited   0x2000'0118          4    0x20  xfiles.o [9]
                            - 0x2000'0138              0x138

"P2", part 2 of 3:                                    0x6484
  .bss               zero     0x2000'0138          4  0x4600  Ex7_dci.o [1]
  .bss               zero     0x2000'4738          4  0x1d60  Ex7_dci.o [1]
  .bss               zero     0x2000'6498          4    0x54  xxwritebuffered.o [9]
  .bss               zero     0x2000'64ec          4    0x50  xfiles.o [9]
  .bss               zero     0x2000'653c          4    0x50  xfiles.o [9]
  .bss               zero     0x2000'658c          4     0x4  gd32f4xx_it.o [6]
  .bss               zero     0x2000'6590          8     0x8  main.o [6]
  .bss               zero     0x2000'6598          8     0x8  main.o [6]
  .bss               zero     0x2000'65a0          8     0x8  main.o [6]
  .bss               zero     0x2000'65a8          4     0x4  main.o [6]
  .bss               zero     0x2000'65ac          4     0x4  systick.o [6]
  .bss               zero     0x2000'65b0          4     0x4  xfail_s.o [9]
  .bss               zero     0x2000'65b4          2     0x2  hsp_timer.o [2]
  .bss               zero     0x2000'65b6          2     0x2  main.o [6]
  .bss               zero     0x2000'65b8          2     0x2  main.o [6]
  .bss               zero     0x2000'65ba                0x1  Ex7_dci.o [1]
  .bss               zero     0x2000'65bb                0x1  Ex7_dci.o [1]
                            - 0x2000'65bc             0x6484

"P2", part 3 of 3:                                    0x2000
  CSTACK                      0x2000'65c0          8  0x2000  <Block>
    CSTACK           uninit   0x2000'65c0             0x2000  <Block tail>
                            - 0x2000'85c0             0x2000

Absolute sections:                                    0x5820
  .bss               zero     0x2003'0000             0x5820  main.o [6]
                            - 0x2003'5820             0x5820

Unused ranges:

         From           To      Size
         ----           --      ----
   0x800'4cfd   0x80f'ffff  0xf'b303
  0x2000'65bc  0x2000'65bf       0x4
  0x2000'85c0  0x2002'ffff  0x2'7a40
  0x2003'5820  0x2006'ffff  0x3'a7e0


*******************************************************************************
*** INIT TABLE
***

          Address      Size
          -------      ----
Zero (__iar_zero_init3)
    2 destination ranges, total size 0xbca4:
          0x2000'0138  0x6484
          0x2003'0000  0x5820

Copy/lz77 (__iar_lz77_init_single3)
    1 source range, total size 0x6d (34% of destination):
           0x800'4c90    0x6d
    1 destination range, total size 0x138:
          0x2000'0000   0x138



*******************************************************************************
*** MODULE SUMMARY
***

    Module                  ro code  ro data  rw data  rw data
                                                        (abs)
    ------                  -------  -------  -------  -------
command line/config:
    ----------------------------------------------------------
    Total:

E:\DIanSai\HSPv2_HC04 - 副本\Debug\Obj\App_2489385672134236918.dir: [1]
    Ex7_dci.o                                  25'442
    ----------------------------------------------------------
    Total:                                     25'442

E:\DIanSai\HSPv2_HC04 - 副本\Debug\Obj\Board_7221520210927654578.dir: [2]
    hsp_dci.o                   272
    hsp_gpio.o                  412
    hsp_i2c.o                   300
    hsp_spi.o                   240
    hsp_timer.o                  64                 2
    hsp_uart.o                  344
    ----------------------------------------------------------
    Total:                    1'632                 2

E:\DIanSai\HSPv2_HC04 - 副本\Debug\Obj\CMSIS_13545061835669826545.dir: [3]
    system_gd32f4xx.o           356        1        4
    ----------------------------------------------------------
    Total:                      356        1        4

E:\DIanSai\HSPv2_HC04 - 副本\Debug\Obj\FatFS_2687367267609184630.dir: [4]
    ----------------------------------------------------------
    Total:

E:\DIanSai\HSPv2_HC04 - 副本\Debug\Obj\GD32F470_Peripherals_11143062579488607573.dir: [5]
    gd32f4xx_dma.o            1'532
    gd32f4xx_exti.o              32
    gd32f4xx_gpio.o             372
    gd32f4xx_i2c.o              548
    gd32f4xx_misc.o             228
    gd32f4xx_rcu.o              408       32
    gd32f4xx_spi.o              106
    gd32f4xx_timer.o             62
    gd32f4xx_usart.o            986
    ----------------------------------------------------------
    Total:                    4'274       32

E:\DIanSai\HSPv2_HC04 - 副本\Debug\Obj\Main_13238667732884069010.dir: [6]
    gd32f4xx_it.o               288                 4
    main.o                      348        1       36   22'560
    systick.o                   184                 4
    ----------------------------------------------------------
    Total:                      820        1       44   22'560

E:\DIanSai\HSPv2_HC04 - 副本\Debug\Obj\Startup_17868067532763321386.dir: [7]
    startup_gd32f450_470.o      780
    ----------------------------------------------------------
    Total:                      780

E:\DIanSai\HSPv2_HC04 - 副本\Debug\Obj\Utilities_17002154029713865955.dir: [8]
    HSP_CAT9555.o                52
    HSP_MMA8451.o             1'322       24
    HSP_TFT18.o                 856    1'520
    HSP_WRITE.o                  60
    ----------------------------------------------------------
    Total:                    2'290    1'544

dl7M_tlf.a: [9]
    abort.o                       6
    exit.o                        4
    low_level_init.o              4
    printf.o                     40
    putchar.o                    68
    xcloseall.o                  64
    xfail_s.o                    64                 4
    xfiles.o                              87      408
    xlocale_c.o                   8       23       56
    xprintffull_nomb.o        3'790
    xprout.o                     22
    xxwritebuffered.o           188                84
    ----------------------------------------------------------
    Total:                    4'258      110      552

m7M_tls.a: [10]
    DblAddSub.o                 606
    DblCmpGe.o                   52
    DblCmpLe.o                   52
    DblDiv.o                    582
    DblMul.o                    426
    DblToS32.o                   54
    DblToU32.o                   34
    S32ToDbl.o                   34
    U32ToDbl.o                   28
    fpinit_M.o                   34
    frexp.o                     112
    ldexp.o                     314
    ----------------------------------------------------------
    Total:                    2'328

rt7M_tl.a: [11]
    ABImemcpy.o                 166
    I64DivMod.o                 560
    I64DivZer.o                   2
    cexit.o                      14
    cmain.o                      30
    cstart_closeall.o
    cstartup_M.o                 28
    data_init.o                  40
    lz77_init_single.o          126
    memchr.o                     88
    strchr.o                     22
    strlen.o                     54
    zero_init3.o                 56
    ----------------------------------------------------------
    Total:                    1'186

shb_l.a: [12]
    exit.o                       20
    ----------------------------------------------------------
    Total:                       20

    Gaps                         33        4
    Linker created                        40    8'192
--------------------------------------------------------------
    Grand Total:             17'977    1'732   34'236   22'560


*******************************************************************************
*** ENTRY LIST
***

Entry                       Address    Size  Type      Object
-----                       -------    ----  ----      ------
.iar.init_table$$Base    0x800'4a64           --   Gb  - Linker created -
.iar.init_table$$Limit   0x800'4a8c           --   Gb  - Linker created -
?main                    0x800'4a8d          Code  Gb  cmain.o [11]
ADC_IRQHandler           0x800'4b89          Code  Wk  startup_gd32f450_470.o [7]
BusFault_Handler         0x800'459b     0x2  Code  Gb  gd32f4xx_it.o [6]
CAN0_EWMC_IRQHandler     0x800'4b99          Code  Wk  startup_gd32f450_470.o [7]
CAN0_RX0_IRQHandler      0x800'4b91          Code  Wk  startup_gd32f450_470.o [7]
CAN0_RX1_IRQHandler      0x800'4b95          Code  Wk  startup_gd32f450_470.o [7]
CAN0_TX_IRQHandler       0x800'4b8d          Code  Wk  startup_gd32f450_470.o [7]
CAN1_EWMC_IRQHandler     0x800'4c3d          Code  Wk  startup_gd32f450_470.o [7]
CAN1_RX0_IRQHandler      0x800'4c35          Code  Wk  startup_gd32f450_470.o [7]
CAN1_RX1_IRQHandler      0x800'4c39          Code  Wk  startup_gd32f450_470.o [7]
CAN1_TX_IRQHandler       0x800'4c31          Code  Wk  startup_gd32f450_470.o [7]
CSTACK$$Base            0x2000'65c0           --   Gb  - Linker created -
CSTACK$$Limit           0x2000'85c0           --   Gb  - Linker created -
DCI_IRQHandler           0x800'4c65          Code  Wk  startup_gd32f450_470.o [7]
DMA0_Channel0_IRQHandler
                         0x800'4b6d          Code  Wk  startup_gd32f450_470.o [7]
DMA0_Channel1_IRQHandler
                         0x800'4b71          Code  Wk  startup_gd32f450_470.o [7]
DMA0_Channel2_IRQHandler
                         0x800'4b75          Code  Wk  startup_gd32f450_470.o [7]
DMA0_Channel3_IRQHandler
                         0x800'4b79          Code  Wk  startup_gd32f450_470.o [7]
DMA0_Channel4_IRQHandler
                         0x800'4b7d          Code  Wk  startup_gd32f450_470.o [7]
DMA0_Channel5_IRQHandler
                         0x800'4b81          Code  Wk  startup_gd32f450_470.o [7]
DMA0_Channel6_IRQHandler
                         0x800'4b85          Code  Wk  startup_gd32f450_470.o [7]
DMA0_Channel7_IRQHandler
                         0x800'4bf5          Code  Wk  startup_gd32f450_470.o [7]
DMA1_Channel0_IRQHandler
                         0x800'4c15          Code  Wk  startup_gd32f450_470.o [7]
DMA1_Channel1_IRQHandler
                         0x800'4c19          Code  Wk  startup_gd32f450_470.o [7]
DMA1_Channel2_IRQHandler
                         0x800'4c1d          Code  Wk  startup_gd32f450_470.o [7]
DMA1_Channel3_IRQHandler
                         0x800'4c21          Code  Wk  startup_gd32f450_470.o [7]
DMA1_Channel4_IRQHandler
                         0x800'4c25          Code  Wk  startup_gd32f450_470.o [7]
DMA1_Channel5_IRQHandler
                         0x800'4c45          Code  Wk  startup_gd32f450_470.o [7]
DMA1_Channel6_IRQHandler
                         0x800'4c49          Code  Wk  startup_gd32f450_470.o [7]
DMA1_Channel7_IRQHandler
                         0x800'4715    0xf2  Code  Gb  hsp_dci.o [2]
DebugMon_Handler         0x800'45a1     0x2  Code  Gb  gd32f4xx_it.o [6]
ENET_IRQHandler          0x800'4c29          Code  Wk  startup_gd32f450_470.o [7]
ENET_WKUP_IRQHandler     0x800'4c2d          Code  Wk  startup_gd32f450_470.o [7]
EXMC_IRQHandler          0x800'4bf9          Code  Wk  startup_gd32f450_470.o [7]
EXTI0_IRQHandler         0x800'4b59          Code  Wk  startup_gd32f450_470.o [7]
EXTI10_15_IRQHandler     0x800'464d    0x44  Code  Gb  gd32f4xx_it.o [6]
EXTI1_IRQHandler         0x800'4b5d          Code  Wk  startup_gd32f450_470.o [7]
EXTI2_IRQHandler         0x800'4b61          Code  Wk  startup_gd32f450_470.o [7]
EXTI3_IRQHandler         0x800'4b65          Code  Wk  startup_gd32f450_470.o [7]
EXTI4_IRQHandler         0x800'4b69          Code  Wk  startup_gd32f450_470.o [7]
EXTI5_9_IRQHandler       0x800'4b9d          Code  Wk  startup_gd32f450_470.o [7]
FMC_IRQHandler           0x800'4b51          Code  Wk  startup_gd32f450_470.o [7]
FPU_IRQHandler           0x800'4c6d          Code  Wk  startup_gd32f450_470.o [7]
HardFault_Handler        0x800'4597     0x2  Code  Gb  gd32f4xx_it.o [6]
I2C0_ER_IRQHandler       0x800'4bc1          Code  Wk  startup_gd32f450_470.o [7]
I2C0_EV_IRQHandler       0x800'4bbd          Code  Wk  startup_gd32f450_470.o [7]
I2C1_ER_IRQHandler       0x800'4bc9          Code  Wk  startup_gd32f450_470.o [7]
I2C1_EV_IRQHandler       0x800'4bc5          Code  Wk  startup_gd32f450_470.o [7]
I2C2_ER_IRQHandler       0x800'4c51          Code  Wk  startup_gd32f450_470.o [7]
I2C2_EV_IRQHandler       0x800'4c4d          Code  Wk  startup_gd32f450_470.o [7]
IPA_IRQHandler           0x800'4c8d          Code  Wk  startup_gd32f450_470.o [7]
LVD_IRQHandler           0x800'4b45          Code  Wk  startup_gd32f450_470.o [7]
MemManage_Handler        0x800'4599     0x2  Code  Gb  gd32f4xx_it.o [6]
NMI_Handler              0x800'4595     0x2  Code  Gb  gd32f4xx_it.o [6]
NVIC_SetPriority         0x800'3b89    0x2c  Code  Lc  systick.o [6]
PendSV_Handler           0x800'45a3     0x2  Code  Gb  gd32f4xx_it.o [6]
RCU_CTC_IRQHandler       0x800'4b55          Code  Wk  startup_gd32f450_470.o [7]
RES_value               0x2000'65b6     0x2  Data  Gb  main.o [6]
RTC_Alarm_IRQHandler     0x800'4bdd          Code  Wk  startup_gd32f450_470.o [7]
RTC_WKUP_IRQHandler      0x800'4b4d          Code  Wk  startup_gd32f450_470.o [7]
Region$$Table$$Base      0x800'4a64           --   Gb  - Linker created -
Region$$Table$$Limit     0x800'4a8c           --   Gb  - Linker created -
Reset_Handler            0x800'4b21          Code  Wk  startup_gd32f450_470.o [7]
SDIO_IRQHandler          0x800'4bfd          Code  Wk  startup_gd32f450_470.o [7]
SPI0_IRQHandler          0x800'4bcd          Code  Wk  startup_gd32f450_470.o [7]
SPI1_IRQHandler          0x800'4bd1          Code  Wk  startup_gd32f450_470.o [7]
SPI2_IRQHandler          0x800'4c05          Code  Wk  startup_gd32f450_470.o [7]
SPI3_IRQHandler          0x800'4c79          Code  Wk  startup_gd32f450_470.o [7]
SPI4_IRQHandler          0x800'4c7d          Code  Wk  startup_gd32f450_470.o [7]
SPI5_IRQHandler          0x800'4c81          Code  Wk  startup_gd32f450_470.o [7]
SVC_Handler              0x800'459f     0x2  Code  Gb  gd32f4xx_it.o [6]
SysTick_Config           0x800'3bb5    0x30  Code  Lc  systick.o [6]
SysTick_Handler          0x800'45a5    0x44  Code  Gb  gd32f4xx_it.o [6]
SystemCoreClock         0x2000'0004     0x4  Data  Gb  system_gd32f4xx.o [3]
SystemInit               0x800'3ddd    0x88  Code  Gb  system_gd32f4xx.o [3]
TAMPER_STAMP_IRQHandler
                         0x800'4b49          Code  Wk  startup_gd32f450_470.o [7]
TIMER0_BRK_TIMER8_IRQHandler
                         0x800'4ba1          Code  Wk  startup_gd32f450_470.o [7]
TIMER0_Channel_IRQHandler
                         0x800'4bad          Code  Wk  startup_gd32f450_470.o [7]
TIMER0_TRG_CMT_TIMER10_IRQHandler
                         0x800'4ba9          Code  Wk  startup_gd32f450_470.o [7]
TIMER0_UP_TIMER9_IRQHandler
                         0x800'4ba5          Code  Wk  startup_gd32f450_470.o [7]
TIMER1_IRQHandler        0x800'4bb1          Code  Wk  startup_gd32f450_470.o [7]
TIMER2_IRQHandler        0x800'4bb5          Code  Wk  startup_gd32f450_470.o [7]
TIMER3_IRQHandler        0x800'4bb9          Code  Wk  startup_gd32f450_470.o [7]
TIMER4_IRQHandler        0x800'4c01          Code  Wk  startup_gd32f450_470.o [7]
TIMER5_DAC_IRQHandler    0x800'4c11          Code  Wk  startup_gd32f450_470.o [7]
TIMER6_IRQHandler        0x800'4961    0x34  Code  Gb  hsp_timer.o [2]
TIMER7_BRK_TIMER11_IRQHandler
                         0x800'4be5          Code  Wk  startup_gd32f450_470.o [7]
TIMER7_Channel_IRQHandler
                         0x800'4bf1          Code  Wk  startup_gd32f450_470.o [7]
TIMER7_TRG_CMT_TIMER13_IRQHandler
                         0x800'4bed          Code  Wk  startup_gd32f450_470.o [7]
TIMER7_UP_TIMER12_IRQHandler
                         0x800'4be9          Code  Wk  startup_gd32f450_470.o [7]
TLI_ER_IRQHandler        0x800'4c89          Code  Wk  startup_gd32f450_470.o [7]
TLI_IRQHandler           0x800'4c85          Code  Wk  startup_gd32f450_470.o [7]
TRNG_IRQHandler          0x800'4c69          Code  Wk  startup_gd32f450_470.o [7]
UART3_IRQHandler         0x800'4c09          Code  Wk  startup_gd32f450_470.o [7]
UART4_IRQHandler         0x800'4c0d          Code  Wk  startup_gd32f450_470.o [7]
UART6_IRQHandler         0x800'4c71          Code  Wk  startup_gd32f450_470.o [7]
UART7_IRQHandler         0x800'4c75          Code  Wk  startup_gd32f450_470.o [7]
USART0_IRQHandler        0x800'4bd5          Code  Wk  startup_gd32f450_470.o [7]
USART1_IRQHandler        0x800'4bd9          Code  Wk  startup_gd32f450_470.o [7]
USART2_IRQHandler        0x800'45e9    0x32  Code  Gb  gd32f4xx_it.o [6]
USART5_IRQHandler        0x800'461b    0x32  Code  Gb  gd32f4xx_it.o [6]
USBFS_IRQHandler         0x800'4c41          Code  Wk  startup_gd32f450_470.o [7]
USBFS_WKUP_IRQHandler    0x800'4be1          Code  Wk  startup_gd32f450_470.o [7]
USBHS_EP1_In_IRQHandler
                         0x800'4c59          Code  Wk  startup_gd32f450_470.o [7]
USBHS_EP1_Out_IRQHandler
                         0x800'4c55          Code  Wk  startup_gd32f450_470.o [7]
USBHS_IRQHandler         0x800'4c61          Code  Wk  startup_gd32f450_470.o [7]
USBHS_WKUP_IRQHandler    0x800'4c5d          Code  Wk  startup_gd32f450_470.o [7]
UsageFault_Handler       0x800'459d     0x2  Code  Gb  gd32f4xx_it.o [6]
WWDGT_IRQHandler         0x800'4b41          Code  Wk  startup_gd32f450_470.o [7]
_Close_all               0x800'49a1    0x40  Code  Gb  xcloseall.o [9]
_Files                  0x2000'0118    0x20  Data  Gb  xfiles.o [9]
_LC                      0x800'01ad     0x6  Code  Lc  xprintffull_nomb.o [9]
_LitobFullNoMb           0x800'0e99   0x114  Code  Lc  xprintffull_nomb.o [9]
_Locale_lconv           0x2000'0008    0x38  Data  Lc  xlocale_c.o [9]
_PrintfFullNoMb          0x800'01b3   0xcb8  Code  Gb  xprintffull_nomb.o [9]
_Prout                   0x800'4af9    0x16  Code  Gb  xprout.o [9]
_PutcharsFullNoMb        0x800'1005    0x2e  Code  Lc  xprintffull_nomb.o [9]
__aeabi_cdcmple          0x800'12f9          Code  Gb  DblCmpLe.o [10]
__aeabi_cdrcmple         0x800'132d          Code  Gb  DblCmpGe.o [10]
__aeabi_d2iz             0x800'149d          Code  Gb  DblToS32.o [10]
__aeabi_d2uiz            0x800'19a1          Code  Gb  DblToU32.o [10]
__aeabi_dadd             0x800'14f9          Code  Gb  DblAddSub.o [10]
__aeabi_ddiv             0x800'1759          Code  Gb  DblDiv.o [10]
__aeabi_dmul             0x800'19e1          Code  Gb  DblMul.o [10]
__aeabi_dsub             0x800'1675          Code  Gb  DblAddSub.o [10]
__aeabi_i2d              0x800'14d5          Code  Gb  S32ToDbl.o [10]
__aeabi_ldiv0            0x800'1dcd          Code  Gb  I64DivZer.o [11]
__aeabi_memcpy           0x800'11e1          Code  Gb  ABImemcpy.o [11]
__aeabi_memcpy4          0x800'1201          Code  Gb  ABImemcpy.o [11]
__aeabi_memcpy8          0x800'1201          Code  Gb  ABImemcpy.o [11]
__aeabi_ui2d             0x800'19c5          Code  Gb  U32ToDbl.o [10]
__aeabi_uldivmod         0x800'1b95          Code  Gb  I64DivMod.o [11]
__cexit_closeall         0x800'4ab7          Code  Gb  cexit.o [11]
__cmain                  0x800'4a8d          Code  Gb  cmain.o [11]
__cstart_closeall        0x800'4c90          Data  Gb  cstart_closeall.o [11]
__dwrite                 0x800'48e1    0x3c  Code  Gb  HSP_WRITE.o [8]
__exit                   0x800'1dd1    0x14  Code  Gb  exit.o [12]
__iar_Fail_s             0x800'1111    0x1c  Code  Gb  xfail_s.o [9]
__iar_Memchr             0x800'1189          Code  Gb  memchr.o [11]
__iar_Stderr            0x2000'00d0    0x48  Data  Gb  xfiles.o [9]
__iar_Stdin             0x2000'0040    0x48  Data  Gb  xfiles.o [9]
__iar_Stdout            0x2000'0088    0x48  Data  Gb  xfiles.o [9]
__iar_Strchr             0x800'10f9          Code  Gb  strchr.o [11]
__iar_data_init3         0x800'4a19    0x28  Code  Gb  data_init.o [11]
__iar_frexp              0x800'1295          Code  Gb  frexp.o [10]
__iar_frexpl             0x800'1295          Code  Gb  frexp.o [10]
__iar_init_vfp           0x800'4a41          Code  Gb  fpinit_M.o [10]
__iar_ldexp64            0x800'1361          Code  Gb  ldexp.o [10]
__iar_lz77_init_single3
                         0x800'107b    0x7e  Code  Gb  lz77_init_single.o [11]
__iar_program_start      0x800'4ac5          Code  Gb  cstartup_M.o [11]
__iar_scalbln64          0x800'1361          Code  Gb  ldexp.o [10]
__iar_scalbn64           0x800'1361          Code  Gb  ldexp.o [10]
__iar_softfp___iar_frexp64
                         0x800'1289          Code  Gb  frexp.o [10]
__iar_softfp_frexp       0x800'1289          Code  Gb  frexp.o [10]
__iar_softfp_frexpl      0x800'1289          Code  Gb  frexp.o [10]
__iar_zero_init3         0x800'49e1    0x38  Code  Gb  zero_init3.o [11]
__low_level_init         0x800'4aab     0x4  Code  Gb  low_level_init.o [9]
__vector_table           0x800'0000          Data  Gb  startup_gd32f450_470.o [7]
__write_buffered         0x800'4825    0xbc  Code  Gb  xxwritebuffered.o [9]
_call_main               0x800'4a99          Code  Gb  cmain.o [11]
_exit                    0x800'4ab5          Code  Gb  cexit.o [11]
abort                    0x800'1dc5     0x6  Code  Gb  abort.o [9]
board_init               0x800'3f57    0x2c  Code  Gb  main.o [6]
delay                   0x2000'65ac     0x4  Data  Lc  systick.o [6]
delay_1ms                0x800'3c09     0xc  Code  Gb  systick.o [6]
delay_decrement          0x800'3c15    0x10  Code  Gb  systick.o [6]
dma_channel_disable      0x800'2089    0x24  Code  Gb  gd32f4xx_dma.o [5]
dma_channel_enable       0x800'2065    0x24  Code  Gb  gd32f4xx_dma.o [5]
dma_channel_subperipheral_select
                         0x800'20ad    0x2c  Code  Gb  gd32f4xx_dma.o [5]
dma_circulation_disable
                         0x800'2041    0x24  Code  Gb  gd32f4xx_dma.o [5]
dma_deinit               0x800'1de5    0xd0  Code  Gb  gd32f4xx_dma.o [5]
dma_interrupt_flag_clear
                         0x800'2383    0x5e  Code  Gb  gd32f4xx_dma.o [5]
dma_interrupt_flag_get   0x800'20d9   0x2aa  Code  Gb  gd32f4xx_dma.o [5]
dma_single_data_mode_init
                         0x800'1edb   0x160  Code  Gb  gd32f4xx_dma.o [5]
dma_single_data_para_struct_init
                         0x800'1eb5    0x26  Code  Gb  gd32f4xx_dma.o [5]
ebuf                    0x2000'64ec    0x50  Data  Lc  xfiles.o [9]
encoder_pulse           0x2000'658c     0x4  Data  Gb  gd32f4xx_it.o [6]
encoder_speed           0x2000'65b8     0x2  Data  Gb  main.o [6]
exit                     0x800'4aaf     0x4  Code  Gb  exit.o [9]
exti_interrupt_flag_clear
                         0x800'4707     0x6  Code  Gb  gd32f4xx_exti.o [5]
exti_interrupt_flag_get
                         0x800'46f5    0x12  Code  Gb  gd32f4xx_exti.o [5]
gpio_af_set              0x800'31a7    0x82  Code  Gb  gd32f4xx_gpio.o [5]
gpio_bit_reset           0x800'318b     0x8  Code  Gb  gd32f4xx_gpio.o [5]
gpio_bit_set             0x800'3183     0x8  Code  Gb  gd32f4xx_gpio.o [5]
gpio_bit_toggle          0x800'3229     0x8  Code  Gb  gd32f4xx_gpio.o [5]
gpio_input_bit_get       0x800'3193    0x14  Code  Gb  gd32f4xx_gpio.o [5]
gpio_mode_set            0x800'30bd    0x66  Code  Gb  gd32f4xx_gpio.o [5]
gpio_output_options_set
                         0x800'3123    0x60  Code  Gb  gd32f4xx_gpio.o [5]
gz                      0x2000'65a0     0x8  Data  Gb  main.o [6]
gz_avg_all              0x2000'6590     0x8  Data  Gb  main.o [6]
gz_bias                 0x2000'6598     0x8  Data  Gb  main.o [6]
hsp_cat9555_init         0x800'4181    0x34  Code  Gb  HSP_CAT9555.o [8]
hsp_gpio_init            0x800'3c41   0x184  Code  Gb  hsp_gpio.o [2]
hsp_i2c_init             0x800'43fd    0x6c  Code  Gb  hsp_i2c.o [2]
hsp_i2c_mma8451_init     0x800'2a05    0x72  Code  Gb  HSP_MMA8451.o [8]
hsp_i2c_write_2byte      0x800'4469    0xb2  Code  Gb  hsp_i2c.o [2]
hsp_mma8451_config       0x800'29d1    0x34  Code  Gb  HSP_MMA8451.o [8]
hsp_mma8451_read_byte    0x800'2a77   0x178  Code  Gb  HSP_MMA8451.o [8]
hsp_mma8451_write_byte   0x800'2bef   0x10c  Code  Gb  HSP_MMA8451.o [8]
hsp_mpu6050_config       0x800'2ee3     0xc  Code  Gb  HSP_MMA8451.o [8]
hsp_mpu6050_init_on_PE2_PE3
                         0x800'2eef     0xc  Code  Gb  HSP_MMA8451.o [8]
hsp_soft_i2c_init        0x800'2d13    0x36  Code  Gb  HSP_MMA8451.o [8]
hsp_spi_dma_config       0x800'4233    0x62  Code  Gb  hsp_spi.o [2]
hsp_spi_init             0x800'41b5    0x7e  Code  Gb  hsp_spi.o [2]
hsp_spi_write_byte       0x800'3931    0x22  Code  Lc  HSP_TFT18.o [8]
hsp_tft18_clear          0x800'39e5    0x38  Code  Gb  HSP_TFT18.o [8]
hsp_tft18_init           0x800'3831   0x100  Code  Gb  HSP_TFT18.o [8]
hsp_tft18_set_region     0x800'39a7    0x3e  Code  Gb  HSP_TFT18.o [8]
hsp_tft18_show_char      0x800'3a1d    0x7e  Code  Gb  HSP_TFT18.o [8]
hsp_tft18_show_int16     0x800'3aa1    0xdc  Code  Gb  HSP_TFT18.o [8]
hsp_tft18_write_2byte    0x800'3983    0x24  Code  Gb  HSP_TFT18.o [8]
hsp_tft18_write_byte     0x800'396b    0x18  Code  Gb  HSP_TFT18.o [8]
hsp_tft18_write_cmd      0x800'3953    0x18  Code  Gb  HSP_TFT18.o [8]
hsp_uart6_config         0x800'4331    0x5e  Code  Gb  hsp_uart.o [2]
hsp_usart2_dma_config    0x800'438f    0x5c  Code  Gb  hsp_uart.o [2]
hsp_usart5_config        0x800'42a5    0x8c  Code  Gb  hsp_uart.o [2]
i2c_ack_config           0x800'337b     0xe  Code  Gb  gd32f4xx_i2c.o [5]
i2c_analog_noise_filter_enable
                         0x800'33d3    0x12  Code  Gb  gd32f4xx_i2c.o [5]
i2c_clock_config         0x800'3231   0x12a  Code  Gb  gd32f4xx_i2c.o [5]
i2c_data_receive         0x800'33cb     0x8  Code  Gb  gd32f4xx_i2c.o [5]
i2c_data_transmit        0x800'33bf     0xc  Code  Gb  gd32f4xx_i2c.o [5]
i2c_enable               0x800'33a1     0xa  Code  Gb  gd32f4xx_i2c.o [5]
i2c_flag_clear           0x800'3405    0x42  Code  Gb  gd32f4xx_i2c.o [5]
i2c_flag_get             0x800'33e5    0x20  Code  Gb  gd32f4xx_i2c.o [5]
i2c_master_addressing    0x800'3389    0x18  Code  Gb  gd32f4xx_i2c.o [5]
i2c_mode_addr_config     0x800'335b    0x20  Code  Gb  gd32f4xx_i2c.o [5]
i2c_start_on_bus         0x800'33ab     0xa  Code  Gb  gd32f4xx_i2c.o [5]
i2c_stop_on_bus          0x800'33b5     0xa  Code  Gb  gd32f4xx_i2c.o [5]
image2_use              0x2000'4738  0x1d60  Data  Gb  Ex7_dci.o [1]
image_raw               0x2003'0000  0x5820  Data  Gb  main.o [6]
image_ready             0x2000'65ba     0x1  Data  Gb  Ex7_dci.o [1]
image_size              0x2000'65bb     0x1  Data  Gb  Ex7_dci.o [1]
image_use               0x2000'0138  0x4600  Data  Gb  Ex7_dci.o [1]
ldexp                    0x800'1361          Code  Gb  ldexp.o [10]
ldexpl                   0x800'1361          Code  Gb  ldexp.o [10]
localeconv               0x800'1b8d     0x4  Code  Gb  xlocale_c.o [9]
main                     0x800'3f85    0xf6  Code  Gb  main.o [6]
memchr                   0x800'1189          Code  Gb  memchr.o [11]
mpu6050_read_reg         0x800'2eb1    0x32  Code  Gb  HSP_MMA8451.o [8]
mpu6050_write_reg        0x800'2e8b    0x26  Code  Gb  HSP_MMA8451.o [8]
n                       0x2000'0000     0x4  Data  Gb  main.o [6]
nvic_config              0x800'3f41    0x16  Code  Gb  main.o [6]
nvic_irq_enable          0x800'40a7    0xca  Code  Gb  gd32f4xx_misc.o [5]
nvic_priority_group_set
                         0x800'409d     0xa  Code  Gb  gd32f4xx_misc.o [5]
obuf                    0x2000'653c    0x50  Data  Lc  xfiles.o [9]
pit_counter1            0x2000'65b4     0x2  Data  Lc  hsp_timer.o [2]
printf                   0x800'2efd    0x28  Code  Gb  printf.o [9]
putchar                  0x800'491d    0x44  Code  Gb  putchar.o [9]
rcu_clock_freq_get       0x800'2f9d   0x100  Code  Gb  gd32f4xx_rcu.o [5]
rcu_periph_clock_enable
                         0x800'2f25    0x28  Code  Gb  gd32f4xx_rcu.o [5]
rcu_periph_reset_disable
                         0x800'2f75    0x28  Code  Gb  gd32f4xx_rcu.o [5]
rcu_periph_reset_enable
                         0x800'2f4d    0x28  Code  Gb  gd32f4xx_rcu.o [5]
scalbln                  0x800'1361          Code  Gb  ldexp.o [10]
scalblnl                 0x800'1361          Code  Gb  ldexp.o [10]
scalbn                   0x800'1361          Code  Gb  ldexp.o [10]
scalbnl                  0x800'1361          Code  Gb  ldexp.o [10]
scale                    0x800'0fad    0x46  Code  Lc  xprintffull_nomb.o [9]
sec_hand                0x2000'65b0     0x4  Data  Lc  xfail_s.o [9]
soft_i2c_delay           0x800'2cfb    0x18  Code  Lc  HSP_MMA8451.o [8]
soft_i2c_read_bit        0x800'2de3    0x38  Code  Gb  HSP_MMA8451.o [8]
soft_i2c_read_byte       0x800'2e55    0x36  Code  Gb  HSP_MMA8451.o [8]
soft_i2c_start           0x800'2d49    0x32  Code  Gb  HSP_MMA8451.o [8]
soft_i2c_stop            0x800'2d7b    0x2a  Code  Gb  HSP_MMA8451.o [8]
soft_i2c_write_bit       0x800'2da5    0x3e  Code  Gb  HSP_MMA8451.o [8]
soft_i2c_write_byte      0x800'2e35    0x20  Code  Gb  HSP_MMA8451.o [8]
spi_dma_enable           0x800'456f    0x24  Code  Gb  gd32f4xx_spi.o [5]
spi_enable               0x800'4565     0xa  Code  Gb  gd32f4xx_spi.o [5]
spi_init                 0x800'4529    0x3c  Code  Gb  gd32f4xx_spi.o [5]
store                   0x2000'6498    0x50  Data  Lc  xxwritebuffered.o [9]
storeLen                0x2000'64e8     0x4  Data  Lc  xxwritebuffered.o [9]
strchr                   0x800'10f9          Code  Gb  strchr.o [11]
strlen                   0x800'1151          Code  Gb  strlen.o [11]
sys_tick_counter        0x2000'65a8     0x4  Data  Gb  main.o [6]
system_clock_200m_irc16m
                         0x800'3e6d    0xa8  Code  Lc  system_gd32f4xx.o [3]
system_clock_config      0x800'3e65     0x8  Code  Lc  system_gd32f4xx.o [3]
systick_config           0x800'3be5    0x24  Code  Gb  systick.o [6]
tft_ascii                0x800'23e0   0x5f0  Data  Gb  HSP_TFT18.o [8]
timer_counter_read       0x800'46bd     0xc  Code  Gb  gd32f4xx_timer.o [5]
timer_counter_value_config
                         0x800'46b5     0x8  Code  Gb  gd32f4xx_timer.o [5]
timer_interrupt_flag_clear
                         0x800'46e9     0xa  Code  Gb  gd32f4xx_timer.o [5]
timer_interrupt_flag_get
                         0x800'46c9    0x20  Code  Gb  gd32f4xx_timer.o [5]
usart_baudrate_set       0x800'351f    0xec  Code  Gb  gd32f4xx_usart.o [5]
usart_data_receive       0x800'36e1     0xa  Code  Gb  gd32f4xx_usart.o [5]
usart_data_transmit      0x800'36d3     0xe  Code  Gb  gd32f4xx_usart.o [5]
usart_deinit             0x800'3455    0xca  Code  Gb  gd32f4xx_usart.o [5]
usart_dma_transmit_config
                         0x800'3733    0x24  Code  Gb  gd32f4xx_usart.o [5]
usart_enable             0x800'368d    0x12  Code  Gb  gd32f4xx_usart.o [5]
usart_flag_clear         0x800'3777    0x28  Code  Gb  gd32f4xx_usart.o [5]
usart_flag_get           0x800'3757    0x20  Code  Gb  gd32f4xx_usart.o [5]
usart_hardware_flow_cts_config
                         0x800'370f    0x24  Code  Gb  gd32f4xx_usart.o [5]
usart_hardware_flow_rts_config
                         0x800'36eb    0x24  Code  Gb  gd32f4xx_usart.o [5]
usart_interrupt_disable
                         0x800'37c7    0x28  Code  Gb  gd32f4xx_usart.o [5]
usart_interrupt_enable   0x800'379f    0x28  Code  Gb  gd32f4xx_usart.o [5]
usart_interrupt_flag_get
                         0x800'37ef    0x40  Code  Gb  gd32f4xx_usart.o [5]
usart_parity_config      0x800'362d    0x20  Code  Gb  gd32f4xx_usart.o [5]
usart_receive_config     0x800'36b9    0x1a  Code  Gb  gd32f4xx_usart.o [5]
usart_stop_bit_set       0x800'366d    0x20  Code  Gb  gd32f4xx_usart.o [5]
usart_transmit_config    0x800'369f    0x1a  Code  Gb  gd32f4xx_usart.o [5]
usart_word_length_set    0x800'364d    0x20  Code  Gb  gd32f4xx_usart.o [5]


[1] = E:\DIanSai\HSPv2_HC04 - 副本\Debug\Obj\App_2489385672134236918.dir
[2] = E:\DIanSai\HSPv2_HC04 - 副本\Debug\Obj\Board_7221520210927654578.dir
[3] = E:\DIanSai\HSPv2_HC04 - 副本\Debug\Obj\CMSIS_13545061835669826545.dir
[4] = E:\DIanSai\HSPv2_HC04 - 副本\Debug\Obj\FatFS_2687367267609184630.dir
[5] = E:\DIanSai\HSPv2_HC04 - 副本\Debug\Obj\GD32F470_Peripherals_11143062579488607573.dir
[6] = E:\DIanSai\HSPv2_HC04 - 副本\Debug\Obj\Main_13238667732884069010.dir
[7] = E:\DIanSai\HSPv2_HC04 - 副本\Debug\Obj\Startup_17868067532763321386.dir
[8] = E:\DIanSai\HSPv2_HC04 - 副本\Debug\Obj\Utilities_17002154029713865955.dir
[9] = dl7M_tlf.a
[10] = m7M_tls.a
[11] = rt7M_tl.a
[12] = shb_l.a

  17'977 bytes of readonly  code memory
   1'732 bytes of readonly  data memory
  34'236 bytes of readwrite data memory (+ 22'560 absolute)

Errors: none
Warnings: none
