###############################################################################
#
# IAR ELF Linker V9.60.3.422/W64 for ARM                  22/Jul/2025  19:17:18
# Copyright 2007-2024 IAR Systems AB.
#
#    Output file  =
#        D:\Study_resources\电赛\main\main\TSP3519\TSP3519\iar\Debug\Exe\empty_mspm0g3519_nortos_iar.out
#    Map file     =
#        D:\Study_resources\电赛\main\main\TSP3519\TSP3519\iar\Debug\List\empty_mspm0g3519_nortos_iar.map
#    Command line =
#        -f
#        D:\Study_resources\电赛\main\main\TSP3519\TSP3519\iar\Debug\Exe\empty_mspm0g3519_nortos_iar.out.rsp
#        (D:\Study_resources\电赛\main\main\TSP3519\TSP3519\iar\Debug\Obj\empty_mspm0g3519_13168490636323535303.dir\empty_mspm0g3519.o
#        D:\Study_resources\电赛\main\main\TSP3519\TSP3519\iar\Debug\Obj\iar_102420246905159791.dir\startup_mspm0g351x_iar.o
#        "D:\Study_resources\电赛\main\main\TSP3519\TSP3519\iar\Debug\Obj\SysConfig
#        Generated Files_5435349133262493662.dir\ti_msp_dl_config.o"
#        D:\Study_resources\电赛\main\main\TSP3519\TSP3519\iar\Debug\Obj\TSP3519_9401757970942732151.dir\tsp_gpio.o
#        D:\Study_resources\电赛\main\main\TSP3519\TSP3519\iar\Debug\Obj\TSP3519_9401757970942732151.dir\tsp_i2c.o
#        D:\Study_resources\电赛\main\main\TSP3519\TSP3519\iar\Debug\Obj\NUEDU2025_11847588325976546582.dir\tsp_isr.o
#        D:\Study_resources\电赛\main\main\TSP3519\TSP3519\iar\Debug\Obj\TSP3519_9401757970942732151.dir\TSP_MPU6050.o
#        D:\Study_resources\电赛\main\main\TSP3519\TSP3519\iar\Debug\Obj\TSP3519_9401757970942732151.dir\TSP_TFT18.o
#        --redirect _Printf=_PrintfFullNoMb --redirect _Scanf=_ScanfFullNoMb
#        --no_out_extension -o
#        D:\Study_resources\电赛\main\main\TSP3519\TSP3519\iar\Debug\Exe\empty_mspm0g3519_nortos_iar.out
#        --map
#        D:\Study_resources\电赛\main\main\TSP3519\TSP3519\iar\Debug\List\empty_mspm0g3519_nortos_iar.map
#        --config
#        D:\Study_resources\电赛\main\main\TSP3519\TSP3519\iar/mspm0g3519.icf
#        D:\ti\mspm0_sdk_2_05_01_00/source/ti/driverlib/lib/iar/m0p/mspm0gx51x/driverlib.a
#        --silent --semihosting --entry __iar_program_start --vfe --text_out
#        locale --cpu=Cortex-M0+ --fpu=None) --dependencies=n
#        D:\Study_resources\电赛\main\main\TSP3519\TSP3519\iar\Debug\Exe\empty_mspm0g3519_nortos_iar.out.iar_deps
#
###############################################################################

*******************************************************************************
*** RUNTIME MODEL ATTRIBUTES
***

CppFlavor       = *
__CPP_Runtime   = 1
__SystemLibrary = DLib
__dlib_version  = 6


*******************************************************************************
*** HEAP SELECTION
***

The basic heap was selected because no calls to memory allocation
functions were found in the application outside of system library
functions, there are calls to deallocation functions in the
application, and the application appears to be primarily
optimized for speed.


*******************************************************************************
*** PLACEMENT SUMMARY
***

"A0":  place at address 0x0 { ro section .intvec };
define block ALIGNED_ROM with end alignment = 8 { ro };
"P1":  place in [from 0x0 to 0x7'ffff] { block ALIGNED_ROM };
define block CSTACK with size = 512, alignment = 8 { };
define block PROC_STACK with size = 0, alignment = 8 { };
define block TRIM_TABLE with alignment = 8 { rw code section .TrimTable };
define block HEAP with size = 1K, alignment = 8 { };
"P2":  place in [from 0x2020'0000 to 0x2020'ffff] {
          rw, block CSTACK, block PROC_STACK, block TRIM_TABLE, block HEAP };
initialize by copy { rw };

No sections matched the following patterns:

  rw code section .TrimTable  in block TRIM_TABLE
  section BCRCONFIG           in "P3"
  section BSLCONFIG           in "P4"
  section DataBank            in "P5"


  Section              Kind         Address  Alignment    Size  Object
  -------              ----         -------  ---------    ----  ------
"A0":                                                     0xc0
  .intvec              const            0x0          4    0xc0  startup_mspm0g351x_iar.o [5]
                                     - 0xc0               0xc0

"P1", part 1 of 2:                                      0x3a0c
  ALIGNED_ROM                          0xc0             0x3a10  <Block>
    .rodata            const           0xc0          4    0x28  ti_msp_dl_config.o [2]
    .rodata            const           0xe8          4    0x36  ti_msp_dl_config.o [2]
    .rodata            const          0x11e          2     0x2  xlocale_c.o [6]
    .rodata            const          0x120          4   0x5f0  TSP_TFT18.o [3]
    .rodata            const          0x710          4    0x6a  xprintffull_nomb.o [6]
    .text              ro code        0x77a          2     0x2  startup_mspm0g351x_iar.o [5]
    .text              ro code        0x77c          4   0x244  empty_mspm0g3519.o [4]
    .text              ro code        0x9c0          2   0x120  FltAddSub.o [8]
    .text              ro code        0xae0          4    0x28  FltCmpGe.o [8]
    .text              ro code        0xb08          4    0x26  FltCmpLe.o [8]
    .text              ro code        0xb2e          2     0xa  xsprout.o [6]
    .text              ro code        0xb38          4    0x40  ti_msp_dl_config.o [2]
    .text              ro code        0xb78          4   0x3d0  TSP_TFT18.o [3]
    .text              ro code        0xf48          4   0x134  TSP_MPU6050.o [3]
    .text              ro code       0x107c          4    0xa4  tsp_isr.o [1]
    .text              ro code       0x1120          4    0x36  IxxToFlt.o [8]
    .text              ro code       0x1156          2    0xa4  FltDiv.o [8]
    .text              ro code       0x11fa          2    0xb0  FltMul.o [8]
    .rodata            const         0x12aa                0x1  xlocale_c.o [6]
    .text              ro code       0x12ac          4    0x32  FltToDbl.o [8]
    .text              ro code       0x12e0          4    0x40  sprintf.o [6]
    .text              ro code       0x1320          4    0x94  ti_msp_dl_config.o [2]
    .text              ro code       0x13b4          4   0x228  ti_msp_dl_config.o [2]
    .text              ro code       0x15dc          4    0x4c  ti_msp_dl_config.o [2]
    .text              ro code       0x1628          4    0x88  ti_msp_dl_config.o [2]
    .text              ro code       0x16b0          4    0xd0  ti_msp_dl_config.o [2]
    .text              ro code       0x1780          4    0x50  ti_msp_dl_config.o [2]
    .text              ro code       0x17d0          4    0x44  ti_msp_dl_config.o [2]
    .text              ro code       0x1814          4    0x3c  ti_msp_dl_config.o [2]
    .text              ro code       0x1850          4    0x10  ti_msp_dl_config.o [2]
    .text              ro code       0x1860          4    0x84  dl_spi.o [7]
    .text              ro code       0x18e4          2    0xe0  I32DivModFast.o [9]
    .text              ro code       0x19c4          4   0x156  tsp_i2c.o [3]
    .text              ro code       0x1b1c          4   0xf86  xprintffull_nomb.o [6]
    .text              ro code       0x2aa4          4   0x374  ti_msp_dl_config.o [2]
    .text              ro code       0x2e18          4     0xa  dl_common.o [7]
    .text              ro code       0x2e24          4   0x184  dl_sysctl_mspm0gx51x.o [7]
    .text              ro code       0x2fa8          4   0x17c  dl_timer.o [7]
    .text              ro code       0x3124          4    0x9e  dl_i2c.o [7]
    .text              ro code       0x31c4          4    0x60  dl_uart.o [7]
    .text              ro code       0x3224          4     0x2  IntDivZer.o [9]
    .text              ro code       0x3228          4    0x12  strchr.o [9]
    .text              ro code       0x323c          4    0x48  xfail_s.o [6]
    .text              ro code       0x3284          4     0xe  strlen.o [9]
    .text              ro code       0x3294          4    0x16  memchr.o [9]
    .text              ro code       0x32ac          4    0x4e  ABImemcpy.o [9]
    .text              ro code       0x32fa          2    0x2a  frexp.o [8]
    .text              ro code       0x3324          2    0x32  DblCmpLe.o [8]
    .text              ro code       0x3356          2    0x32  DblCmpGe.o [8]
    .text              ro code       0x3388          2    0x70  ldexp.o [8]
    .text              ro code       0x33f8          4    0x52  DblToI32.o [8]
    .text              ro code       0x344c          4    0x34  IxxToDbl.o [8]
    .text              ro code       0x3480          2   0x1a8  DblAddSub.o [8]
    .text              ro code       0x3628          2    0xc2  DblDiv.o [8]
    .text              ro code       0x36ea          2   0x184  DblMul.o [8]
    .text              ro code       0x3870          4     0xc  xlocale_c.o [6]
    .text              ro code       0x387c          2    0x7c  I64DivMod.o [9]
    .text              ro code       0x38f8          4    0x58  dl_factoryregion.o [7]
    .text              ro code       0x3950          2     0xa  abort.o [6]
    .text              ro code       0x395c          4     0x2  I64DivZer.o [9]
    .text              ro code       0x3960          4    0x14  exit.o [10]
    .text              ro code       0x3974          4    0x1c  cstartup_M.o [9]
    .text              ro code       0x3990          4    0x1e  cmain.o [9]
    .text              ro code       0x39ae          2     0x4  low_level_init.o [6]
    .text              ro code       0x39b4          4    0x28  data_init.o [9]
    .text              ro code       0x39dc          2     0x8  exit.o [6]
    .text              ro code       0x39e4          4     0xa  cexit.o [9]
    Initializer bytes  const         0x39f0          4    0x44  <for P2-1>
    .text              ro code       0x3a34          2     0x8  startup_mspm0g351x_iar.o [5]
    .text              ro code       0x3a3c          2    0x3c  zero_init3.o [9]
    .text              ro code       0x3a78          2    0x30  copy_init3.o [9]
    .iar.init_table    const         0x3aa8          4    0x24  - Linker created -
                                   - 0x3acc             0x3a0c

"P1", part 2 of 2:                                         0x4
    .rodata            const         0x3acc                0x0  zero_init3.o [9]
    .rodata            const         0x3acc                0x0  copy_init3.o [9]
                                   - 0x3ad0                0x4

"P2", part 1 of 3:                                        0x44
  P2-1                          0x2020'0000          4    0x44  <Init block>
    .data              inited   0x2020'0000          4     0x8  empty_mspm0g3519.o [4]
    .data              inited   0x2020'0008          4     0x4  dl_factoryregion.o [7]
    .data              inited   0x2020'000c          4    0x38  xlocale_c.o [6]
                              - 0x2020'0044               0x44

"P2", part 2 of 3:                                       0x1d4
  .bss                 zero     0x2020'0044          4   0x184  ti_msp_dl_config.o [2]
  .TrimTable           zero     0x2020'01c8          4    0x44  dl_factoryregion.o [7]
  .bss                 zero     0x2020'020c          4     0x8  tsp_isr.o [1]
  .bss                 zero     0x2020'0214          4     0x4  xfail_s.o [6]
                              - 0x2020'0218              0x1d4

"P2", part 3 of 3:                                       0x200
  CSTACK                        0x2020'0218          8   0x200  <Block>
    CSTACK             uninit   0x2020'0218              0x200  <Block tail>
                              - 0x2020'0418              0x200

Unused ranges:

         From           To      Size
         ----           --      ----
       0x3ad0     0x7'ffff  0x7'c530
  0x2020'0418  0x2020'ffff    0xfbe8


*******************************************************************************
*** INIT TABLE
***

          Address      Size
          -------      ----
Zero (__iar_zero_init3)
    1 destination range, total size 0x1d4:
          0x2020'0044  0x1d4

Copy (__iar_copy_init3)
    1 source range, total size 0x44:
               0x39f0   0x44
    1 destination range, total size 0x44:
          0x2020'0000   0x44



*******************************************************************************
*** MODULE SUMMARY
***

    Module                    ro code  ro data  rw data
    ------                    -------  -------  -------
command line/config:
    ---------------------------------------------------
    Total:

D:\Study_resources\电赛\main\main\TSP3519\TSP3519\iar\Debug\Obj\NUEDU2025_11847588325976546582.dir: [1]
    tsp_isr.o                     164                 8
    ---------------------------------------------------
    Total:                        164                 8

D:\Study_resources\电赛\main\main\TSP3519\TSP3519\iar\Debug\Obj\SysConfig Generated Files_5435349133262493662.dir: [2]
    ti_msp_dl_config.o          2'292       94      388
    ---------------------------------------------------
    Total:                      2'292       94      388

D:\Study_resources\电赛\main\main\TSP3519\TSP3519\iar\Debug\Obj\TSP3519_9401757970942732151.dir: [3]
    TSP_MPU6050.o                 308
    TSP_TFT18.o                   976    1'520
    tsp_i2c.o                     342
    ---------------------------------------------------
    Total:                      1'626    1'520

D:\Study_resources\电赛\main\main\TSP3519\TSP3519\iar\Debug\Obj\empty_mspm0g3519_13168490636323535303.dir: [4]
    empty_mspm0g3519.o            580        8        8
    ---------------------------------------------------
    Total:                        580        8        8

D:\Study_resources\电赛\main\main\TSP3519\TSP3519\iar\Debug\Obj\iar_102420246905159791.dir: [5]
    startup_mspm0g351x_iar.o       10      192
    ---------------------------------------------------
    Total:                         10      192

dl6M_tlf.a: [6]
    abort.o                        10
    exit.o                          8
    low_level_init.o                4
    sprintf.o                      64
    xfail_s.o                      72                 4
    xlocale_c.o                    12       59       56
    xprintffull_nomb.o          3'974      106
    xsprout.o                      10
    ---------------------------------------------------
    Total:                      4'154      165       60

driverlib.a: [7]
    dl_common.o                    10
    dl_factoryregion.o             88        4       72
    dl_i2c.o                      158
    dl_spi.o                      132
    dl_sysctl_mspm0gx51x.o        388
    dl_timer.o                    380
    dl_uart.o                      96
    ---------------------------------------------------
    Total:                      1'252        4       72

m6M_tl.a: [8]
    DblAddSub.o                   424
    DblCmpGe.o                     50
    DblCmpLe.o                     50
    DblDiv.o                      194
    DblMul.o                      388
    DblToI32.o                     82
    FltAddSub.o                   288
    FltCmpGe.o                     40
    FltCmpLe.o                     38
    FltDiv.o                      164
    FltMul.o                      176
    FltToDbl.o                     50
    IxxToDbl.o                     52
    IxxToFlt.o                     54
    frexp.o                        42
    ldexp.o                       112
    ---------------------------------------------------
    Total:                      2'204

rt6M_tl.a: [9]
    ABImemcpy.o                    78
    I32DivModFast.o               224
    I64DivMod.o                   124
    I64DivZer.o                     2
    IntDivZer.o                     2
    cexit.o                        10
    cmain.o                        30
    copy_init3.o                   48
    cstartup_M.o                   28
    data_init.o                    40
    memchr.o                       22
    strchr.o                       18
    strlen.o                       14
    zero_init3.o                   60
    ---------------------------------------------------
    Total:                        700

shb_l.a: [10]
    exit.o                         20
    ---------------------------------------------------
    Total:                         20

    Gaps                           29
    Linker created                          38      512
-------------------------------------------------------
    Grand Total:               13'031    2'021    1'048


*******************************************************************************
*** ENTRY LIST
***

Entry                       Address   Size  Type      Object
-----                       -------   ----  ----      ------
.iar.init_table$$Base        0x3aa8          --   Gb  - Linker created -
.iar.init_table$$Limit       0x3acc          --   Gb  - Linker created -
?main                        0x3991         Code  Gb  cmain.o [9]
ADC0_IRQHandler               0x77b    0x2  Code  Wk  startup_mspm0g351x_iar.o [5]
ADC1_IRQHandler               0x77b    0x2  Code  Wk  startup_mspm0g351x_iar.o [5]
AESADV_IRQHandler             0x77b    0x2  Code  Wk  startup_mspm0g351x_iar.o [5]
ALIGNED_ROM$$Base              0xc0          --   Gb  - Linker created -
ALIGNED_ROM$$Limit           0x3ad0          --   Gb  - Linker created -
CANFD0_IRQHandler             0x77b    0x2  Code  Wk  startup_mspm0g351x_iar.o [5]
CANFD1_IRQHandler             0x77b    0x2  Code  Wk  startup_mspm0g351x_iar.o [5]
CSTACK$$Base            0x2020'0218          --   Gb  - Linker created -
CSTACK$$Limit           0x2020'0418          --   Gb  - Linker created -
DAC0_IRQHandler               0x77b    0x2  Code  Wk  startup_mspm0g351x_iar.o [5]
DL_Common_delayCycles        0x2e19    0xa  Code  Gb  dl_common.o [7]
DL_Common_updateReg          0x2b29    0xc  Code  Lc  ti_msp_dl_config.o [2]
DL_Common_updateReg          0x19c5    0xc  Code  Lc  tsp_i2c.o [3]
DL_FACTORYREGION_TrimTable
                        0x2020'01c8   0x44  Data  Gb  dl_factoryregion.o [7]
DL_FactoryRegion_initTrimTable
                             0x38f9   0x58  Code  Gb  dl_factoryregion.o [7]
DL_GPIO_clearInterruptStatus
                             0x2c2b    0xc  Code  Lc  ti_msp_dl_config.o [2]
DL_GPIO_clearInterruptStatus
                             0x107d    0xc  Code  Lc  tsp_isr.o [1]
DL_GPIO_clearPins             0x78f    0x8  Code  Lc  empty_mspm0g3519.o [4]
DL_GPIO_clearPins            0x2bf3    0x8  Code  Lc  ti_msp_dl_config.o [2]
DL_GPIO_clearPins             0xb7f    0x8  Code  Lc  TSP_TFT18.o [3]
DL_GPIO_enableHiZ            0x2c0d   0x12  Code  Lc  ti_msp_dl_config.o [2]
DL_GPIO_enableInterrupt
                             0x2c1f    0xc  Code  Lc  ti_msp_dl_config.o [2]
DL_GPIO_enableOutput         0x2bfb    0x6  Code  Lc  ti_msp_dl_config.o [2]
DL_GPIO_enablePower          0x2b75    0xa  Code  Lc  ti_msp_dl_config.o [2]
DL_GPIO_initDigitalInputFeatures
                             0x2b93   0x1a  Code  Lc  ti_msp_dl_config.o [2]
DL_GPIO_initDigitalOutput
                             0x2b87    0xc  Code  Lc  ti_msp_dl_config.o [2]
DL_GPIO_initPeripheralAnalogFunction
                             0x2be7    0xc  Code  Lc  ti_msp_dl_config.o [2]
DL_GPIO_initPeripheralInputFunction
                             0x2bbb    0xe  Code  Lc  ti_msp_dl_config.o [2]
DL_GPIO_initPeripheralInputFunctionFeatures
                             0x2bc9   0x1e  Code  Lc  ti_msp_dl_config.o [2]
DL_GPIO_initPeripheralOutputFunction
                             0x2bad    0xe  Code  Lc  ti_msp_dl_config.o [2]
DL_GPIO_readPins              0x77d    0xc  Code  Lc  empty_mspm0g3519.o [4]
DL_GPIO_reset                0x2b7f    0x8  Code  Lc  ti_msp_dl_config.o [2]
DL_GPIO_setLowerPinsPolarity
                             0x2c01    0xc  Code  Lc  ti_msp_dl_config.o [2]
DL_GPIO_setPins               0x789    0x6  Code  Lc  empty_mspm0g3519.o [4]
DL_GPIO_setPins               0xb79    0x6  Code  Lc  TSP_TFT18.o [3]
DL_I2C_enableAnalogGlitchFilter
                             0x2c63   0x12  Code  Lc  ti_msp_dl_config.o [2]
DL_I2C_enableController
                             0x2c7b    0xe  Code  Lc  ti_msp_dl_config.o [2]
DL_I2C_enableControllerClockStretching
                             0x2c89    0xe  Code  Lc  ti_msp_dl_config.o [2]
DL_I2C_enablePower           0x2c3f    0xa  Code  Lc  ti_msp_dl_config.o [2]
DL_I2C_fillControllerTXFIFO
                             0x314f   0x74  Code  Gb  dl_i2c.o [7]
DL_I2C_getControllerStatus
                             0x1a03    0x6  Code  Lc  tsp_i2c.o [3]
DL_I2C_receiveControllerData
                             0x1a09    0x8  Code  Lc  tsp_i2c.o [3]
DL_I2C_reset                 0x2c49    0x8  Code  Lc  ti_msp_dl_config.o [2]
DL_I2C_reset                 0x19fb    0x8  Code  Lc  tsp_i2c.o [3]
DL_I2C_resetControllerTransfer
                             0x2c37    0x8  Code  Lc  ti_msp_dl_config.o [2]
DL_I2C_setAnalogGlitchFilterPulseWidth
                             0x2c51   0x12  Code  Lc  ti_msp_dl_config.o [2]
DL_I2C_setClockConfig        0x3125   0x2a  Code  Gb  dl_i2c.o [7]
DL_I2C_setControllerRXFIFOThreshold
                             0x2ca5   0x10  Code  Lc  ti_msp_dl_config.o [2]
DL_I2C_setControllerTXFIFOThreshold
                             0x2c97    0xe  Code  Lc  ti_msp_dl_config.o [2]
DL_I2C_setTimerPeriod        0x2c75    0x6  Code  Lc  ti_msp_dl_config.o [2]
DL_I2C_startControllerTransfer
                             0x19d1   0x2a  Code  Lc  tsp_i2c.o [3]
DL_Interrupt_getPendingGroup
                             0x1089   0x12  Code  Lc  tsp_isr.o [1]
DL_SPI_enable                0x2cc7    0xe  Code  Lc  ti_msp_dl_config.o [2]
DL_SPI_enablePower           0x2cb5    0xa  Code  Lc  ti_msp_dl_config.o [2]
DL_SPI_init                  0x1861   0x44  Code  Gb  dl_spi.o [7]
DL_SPI_receiveDataBlocking8
                             0x18b5   0x10  Code  Gb  dl_spi.o [7]
DL_SPI_reset                 0x2cbf    0x8  Code  Lc  ti_msp_dl_config.o [2]
DL_SPI_setBitRateSerialClockDivider
                             0x2ce9    0xe  Code  Lc  ti_msp_dl_config.o [2]
DL_SPI_setClockConfig        0x18a5   0x10  Code  Gb  dl_spi.o [7]
DL_SPI_setFIFOThreshold
                             0x2cd5   0x14  Code  Lc  ti_msp_dl_config.o [2]
DL_SPI_transmitDataBlocking8
                             0x18c5    0xe  Code  Gb  dl_spi.o [7]
DL_SYSCTL_configSYSPLL       0x2e25   0xc2  Code  Gb  dl_sysctl_mspm0gx51x.o [7]
DL_SYSCTL_enableMFCLK        0x2b57    0xe  Code  Lc  ti_msp_dl_config.o [2]
DL_SYSCTL_setBORThreshold
                             0x2b35    0x6  Code  Lc  ti_msp_dl_config.o [2]
DL_SYSCTL_setFlashWaitState
                             0x2b65   0x10  Code  Lc  ti_msp_dl_config.o [2]
DL_SYSCTL_setHFCLKSourceHFXTParams
                             0x2f15   0x68  Code  Gb  dl_sysctl_mspm0gx51x.o [7]
DL_SYSCTL_setSYSOSCFreq
                             0x2b3b    0xe  Code  Lc  ti_msp_dl_config.o [2]
DL_SYSCTL_setULPCLKDivider
                             0x2b49    0xe  Code  Lc  ti_msp_dl_config.o [2]
DL_SYSCTL_switchMCLKfromSYSOSCtoHSCLK
                             0x2ee7   0x24  Code  Gb  dl_sysctl_mspm0gx51x.o [7]
DL_Timer_enableClock         0x2d11    0x8  Code  Lc  ti_msp_dl_config.o [2]
DL_Timer_enablePower         0x2cf7    0xa  Code  Lc  ti_msp_dl_config.o [2]
DL_Timer_initFourCCPWMMode
                             0x300d   0xf6  Code  Gb  dl_timer.o [7]
DL_Timer_reset               0x2d01    0x8  Code  Lc  ti_msp_dl_config.o [2]
DL_Timer_setCCPDirection
                             0x2d09    0x8  Code  Lc  ti_msp_dl_config.o [2]
DL_Timer_setCaptCompUpdateMethod
                             0x2fcf   0x1a  Code  Gb  dl_timer.o [7]
DL_Timer_setCaptureCompareOutCtl
                             0x2fe9   0x14  Code  Gb  dl_timer.o [7]
DL_Timer_setCaptureCompareValue
                             0x2fc5    0xa  Code  Gb  dl_timer.o [7]
DL_Timer_setClockConfig
                             0x2fa9   0x16  Code  Gb  dl_timer.o [7]
DL_Timer_setCounterControl
                             0x2d19   0x16  Code  Lc  ti_msp_dl_config.o [2]
DL_UART_enable               0x2d45   0x10  Code  Lc  ti_msp_dl_config.o [2]
DL_UART_enableInterrupt
                             0x2d9d    0xc  Code  Lc  ti_msp_dl_config.o [2]
DL_UART_enablePower          0x2d2f    0xa  Code  Lc  ti_msp_dl_config.o [2]
DL_UART_init                 0x31c5   0x48  Code  Gb  dl_uart.o [7]
DL_UART_reset                0x2d39    0x8  Code  Lc  ti_msp_dl_config.o [2]
DL_UART_setBaudRateDivisor
                             0x2d67   0x30  Code  Lc  ti_msp_dl_config.o [2]
DL_UART_setClockConfig       0x320d   0x10  Code  Gb  dl_uart.o [7]
DL_UART_setOversampling
                             0x2d55   0x12  Code  Lc  ti_msp_dl_config.o [2]
DMA_IRQHandler                0x77b    0x2  Code  Wk  startup_mspm0g351x_iar.o [5]
Default_Handler               0x77b    0x2  Code  Lc  startup_mspm0g351x_iar.o [5]
FACTORYVALUE            0x2020'0008    0x4  Data  Gb  dl_factoryregion.o [7]
GROUP0_IRQHandler             0x77b    0x2  Code  Wk  startup_mspm0g351x_iar.o [5]
GROUP1_IRQHandler            0x10d9   0x2c  Code  Gb  tsp_isr.o [1]
HardFault_Handler             0x77b    0x2  Code  Wk  startup_mspm0g351x_iar.o [5]
I2C0_IRQHandler               0x77b    0x2  Code  Wk  startup_mspm0g351x_iar.o [5]
I2C1_IRQHandler               0x77b    0x2  Code  Wk  startup_mspm0g351x_iar.o [5]
I2C2_IRQHandler               0x77b    0x2  Code  Wk  startup_mspm0g351x_iar.o [5]
LFSS_IRQHandler               0x77b    0x2  Code  Wk  startup_mspm0g351x_iar.o [5]
MPU6050ReadGyro              0x100d   0x4a  Code  Gb  TSP_MPU6050.o [3]
MPU6050ReadID                 0xf89   0x38  Code  Gb  TSP_MPU6050.o [3]
MPU6050_Init                  0xfc1   0x46  Code  Gb  TSP_MPU6050.o [3]
MPU6050_ReadData              0xf77   0x12  Code  Gb  TSP_MPU6050.o [3]
MPU6050_ReadReg               0xf5f   0x18  Code  Gb  TSP_MPU6050.o [3]
MPU6050_WriteReg              0xf49   0x16  Code  Gb  TSP_MPU6050.o [3]
NMI_Handler                   0x77b    0x2  Code  Wk  startup_mspm0g351x_iar.o [5]
PendSV_Handler                0x77b    0x2  Code  Wk  startup_mspm0g351x_iar.o [5]
Region$$Table$$Base          0x3aa8          --   Gb  - Linker created -
Region$$Table$$Limit         0x3acc          --   Gb  - Linker created -
Reset_Handler                0x3a35    0x8  Code  Wk  startup_mspm0g351x_iar.o [5]
SPI0_IRQHandler               0x77b    0x2  Code  Wk  startup_mspm0g351x_iar.o [5]
SPI1_IRQHandler               0x77b    0x2  Code  Wk  startup_mspm0g351x_iar.o [5]
SPI2_IRQHandler               0x77b    0x2  Code  Wk  startup_mspm0g351x_iar.o [5]
SVC_Handler                   0x77b    0x2  Code  Wk  startup_mspm0g351x_iar.o [5]
SYSCFG_DL_GPIO_init          0x13b5  0x228  Code  Wk  ti_msp_dl_config.o [2]
SYSCFG_DL_K230_init          0x17d1   0x44  Code  Wk  ti_msp_dl_config.o [2]
SYSCFG_DL_LCD_init           0x1815   0x3c  Code  Wk  ti_msp_dl_config.o [2]
SYSCFG_DL_MPU6050_init       0x1781   0x50  Code  Wk  ti_msp_dl_config.o [2]
SYSCFG_DL_Motor_init         0x16b1   0xd0  Code  Wk  ti_msp_dl_config.o [2]
SYSCFG_DL_SYSCTL_init        0x15dd   0x4c  Code  Wk  ti_msp_dl_config.o [2]
SYSCFG_DL_SYSTICK_init       0x1851   0x10  Code  Wk  ti_msp_dl_config.o [2]
SYSCFG_DL_Servo_init         0x1629   0x88  Code  Wk  ti_msp_dl_config.o [2]
SYSCFG_DL_init                0xb39   0x40  Code  Wk  ti_msp_dl_config.o [2]
SYSCFG_DL_initPower          0x1321   0x94  Code  Wk  ti_msp_dl_config.o [2]
SysTick_Config               0x2afb   0x2e  Code  Lc  ti_msp_dl_config.o [2]
SysTick_Handler              0x10a7   0x2a  Code  Gb  tsp_isr.o [1]
TIMA0_IRQHandler              0x77b    0x2  Code  Wk  startup_mspm0g351x_iar.o [5]
TIMA1_IRQHandler              0x77b    0x2  Code  Wk  startup_mspm0g351x_iar.o [5]
TIMG0_IRQHandler              0x77b    0x2  Code  Wk  startup_mspm0g351x_iar.o [5]
TIMG12_IRQHandler             0x77b    0x2  Code  Wk  startup_mspm0g351x_iar.o [5]
TIMG14_IRQHandler             0x77b    0x2  Code  Wk  startup_mspm0g351x_iar.o [5]
TIMG6_IRQHandler              0x77b    0x2  Code  Wk  startup_mspm0g351x_iar.o [5]
TIMG7_IRQHandler              0x77b    0x2  Code  Wk  startup_mspm0g351x_iar.o [5]
TIMG8_IRQHandler              0x77b    0x2  Code  Wk  startup_mspm0g351x_iar.o [5]
TIMG9_IRQHandler              0x77b    0x2  Code  Wk  startup_mspm0g351x_iar.o [5]
TSP_I2C_Init                 0x1a31    0x8  Code  Gb  tsp_i2c.o [3]
UART0_IRQHandler              0x77b    0x2  Code  Wk  startup_mspm0g351x_iar.o [5]
UART1_IRQHandler              0x77b    0x2  Code  Wk  startup_mspm0g351x_iar.o [5]
UART3_IRQHandler              0x77b    0x2  Code  Wk  startup_mspm0g351x_iar.o [5]
UART4_IRQHandler              0x77b    0x2  Code  Wk  startup_mspm0g351x_iar.o [5]
UART5_IRQHandler              0x77b    0x2  Code  Wk  startup_mspm0g351x_iar.o [5]
UART6_IRQHandler              0x77b    0x2  Code  Wk  startup_mspm0g351x_iar.o [5]
UART7_IRQHandler              0x77b    0x2  Code  Wk  startup_mspm0g351x_iar.o [5]
_LC                          0x1b1d    0x8  Code  Lc  xprintffull_nomb.o [6]
_LitobFullNoMb               0x28fd  0x124  Code  Lc  xprintffull_nomb.o [6]
_Locale_lconv           0x2020'000c   0x38  Data  Lc  xlocale_c.o [6]
_PrintfFullNoMb              0x1b25  0xdd8  Code  Gb  xprintffull_nomb.o [6]
_PutcharsFullNoMb            0x2a6d   0x36  Code  Lc  xprintffull_nomb.o [6]
_SProut                       0xb2f    0xa  Code  Gb  xsprout.o [6]
__NVIC_EnableIRQ             0x2aa5   0x12  Code  Lc  ti_msp_dl_config.o [2]
__NVIC_SetPriority           0x2ab7   0x44  Code  Lc  ti_msp_dl_config.o [2]
__aeabi_cdcmple              0x3325         Code  Gb  DblCmpLe.o [8]
__aeabi_cdrcmple             0x3357         Code  Gb  DblCmpGe.o [8]
__aeabi_cfcmple               0xb09         Code  Gb  FltCmpLe.o [8]
__aeabi_cfrcmple              0xae1         Code  Gb  FltCmpGe.o [8]
__aeabi_d2iz                 0x33f9         Code  Gb  DblToI32.o [8]
__aeabi_d2uiz                0x341d         Code  Gb  DblToI32.o [8]
__aeabi_ddiv                 0x3629         Code  Gb  DblDiv.o [8]
__aeabi_dmul                 0x36eb         Code  Gb  DblMul.o [8]
__aeabi_dsub                 0x353b         Code  Gb  DblAddSub.o [8]
__aeabi_f2d                  0x12ad         Code  Gb  FltToDbl.o [8]
__aeabi_fadd                  0x9c1         Code  Gb  FltAddSub.o [8]
__aeabi_fdiv                 0x1157         Code  Gb  FltDiv.o [8]
__aeabi_fmul                 0x11fb         Code  Gb  FltMul.o [8]
__aeabi_fsub                  0xa31         Code  Gb  FltAddSub.o [8]
__aeabi_i2d                  0x346d         Code  Gb  IxxToDbl.o [8]
__aeabi_i2f                  0x1141         Code  Gb  IxxToFlt.o [8]
__aeabi_idiv                 0x1911         Code  Gb  I32DivModFast.o [9]
__aeabi_idiv0                0x3225         Code  Gb  IntDivZer.o [9]
__aeabi_idivmod              0x1911         Code  Gb  I32DivModFast.o [9]
__aeabi_ldiv0                0x395d         Code  Gb  I64DivZer.o [9]
__aeabi_memcpy               0x32e1         Code  Gb  ABImemcpy.o [9]
__aeabi_memcpy4              0x32ad         Code  Gb  ABImemcpy.o [9]
__aeabi_memcpy8              0x32ad         Code  Gb  ABImemcpy.o [9]
__aeabi_ui2d                 0x344d         Code  Gb  IxxToDbl.o [8]
__aeabi_ui2f                 0x1121         Code  Gb  IxxToFlt.o [8]
__aeabi_uidiv                0x1917         Code  Gb  I32DivModFast.o [9]
__aeabi_uidivmod             0x1917         Code  Gb  I32DivModFast.o [9]
__aeabi_uldivmod             0x387d         Code  Gb  I64DivMod.o [9]
__cmain                      0x3991         Code  Gb  cmain.o [9]
__exit                       0x3961   0x14  Code  Gb  exit.o [10]
__iar_Fail_s                 0x323d   0x22  Code  Gb  xfail_s.o [6]
__iar_Memchr                 0x3295         Code  Gb  memchr.o [9]
__iar_Memcpy                 0x32ed         Code  Gb  ABImemcpy.o [9]
__iar_Strchr                 0x3229         Code  Gb  strchr.o [9]
__iar_copy_init3             0x3a79   0x30  Code  Gb  copy_init3.o [9]
__iar_d2uiz                  0x3421         Code  Gb  DblToI32.o [8]
__iar_data_init3             0x39b5   0x28  Code  Gb  data_init.o [9]
__iar_frexp                  0x3307         Code  Gb  frexp.o [8]
__iar_frexp64                0x32fb         Code  Gb  frexp.o [8]
__iar_frexpl                 0x3307         Code  Gb  frexp.o [8]
__iar_ldexp64                0x3389         Code  Gb  ldexp.o [8]
__iar_program_start          0x3975         Code  Gb  cstartup_M.o [9]
__iar_scalbln64              0x3389         Code  Gb  ldexp.o [8]
__iar_scalbn64               0x3389         Code  Gb  ldexp.o [8]
__iar_zero_init3             0x3a3d   0x3c  Code  Gb  zero_init3.o [9]
__low_level_init             0x39af    0x4  Code  Gb  low_level_init.o [6]
__vector_table                  0x0   0xc0  Data  Gb  startup_mspm0g351x_iar.o [5]
_call_main                   0x399d         Code  Gb  cmain.o [9]
_exit                        0x39e5         Code  Gb  cexit.o [9]
abort                        0x3951    0xa  Code  Gb  abort.o [6]
delay                   0x2020'0210    0x4  Data  Lc  tsp_isr.o [1]
delay_1ms                    0x109b    0xc  Code  Gb  tsp_isr.o [1]
dt                      0x2020'0004    0x4  Data  Gb  empty_mspm0g3519.o [4]
exit                         0x39dd    0x8  Code  Gb  exit.o [6]
flag_20_ms              0x2020'0000    0x1  Data  Gb  empty_mspm0g3519.o [4]
frexp                        0x32fb         Code  Gb  frexp.o [8]
frexpl                       0x32fb         Code  Gb  frexp.o [8]
gK230ClockConfig              0x102    0x2  Data  Lc  ti_msp_dl_config.o [2]
gK230Config                   0x104    0xc  Data  Lc  ti_msp_dl_config.o [2]
gLCDBackup              0x2020'01a0   0x28  Data  Gb  ti_msp_dl_config.o [2]
gLCD_clockConfig              0x11c    0x2  Data  Lc  ti_msp_dl_config.o [2]
gLCD_config                   0x110    0xc  Data  Lc  ti_msp_dl_config.o [2]
gMPU6050ClockConfig           0x100    0x2  Data  Lc  ti_msp_dl_config.o [2]
gMotorBackup            0x2020'0044   0xbc  Data  Gb  ti_msp_dl_config.o [2]
gMotorClockConfig              0xf4    0x4  Data  Lc  ti_msp_dl_config.o [2]
gMotorConfig                   0xf8    0x8  Data  Lc  ti_msp_dl_config.o [2]
gSYSPLLConfig                  0xc0   0x28  Data  Lc  ti_msp_dl_config.o [2]
gServoBackup            0x2020'0100   0xa0  Data  Gb  ti_msp_dl_config.o [2]
gServoClockConfig              0xe8    0x4  Data  Lc  ti_msp_dl_config.o [2]
gServoConfig                   0xec    0x8  Data  Lc  ti_msp_dl_config.o [2]
get_systick_counter          0x10d1    0x6  Code  Gb  tsp_isr.o [1]
ldexp                        0x3389         Code  Gb  ldexp.o [8]
ldexpl                       0x3389         Code  Gb  ldexp.o [8]
localeconv                   0x3871    0x4  Code  Gb  xlocale_c.o [6]
main                          0x7bd  0x18c  Code  Gb  empty_mspm0g3519.o [4]
memchr                       0x3295         Code  Gb  memchr.o [9]
normalize_angle               0x797   0x24  Code  Lc  empty_mspm0g3519.o [4]
scalbln                      0x3389         Code  Gb  ldexp.o [8]
scalblnl                     0x3389         Code  Gb  ldexp.o [8]
scalbn                       0x3389         Code  Gb  ldexp.o [8]
scalbnl                      0x3389         Code  Gb  ldexp.o [8]
scale                        0x2a21   0x44  Code  Lc  xprintffull_nomb.o [6]
sec_hand                0x2020'0214    0x4  Data  Lc  xfail_s.o [6]
sprintf                      0x12e1   0x40  Code  Gb  sprintf.o [6]
strchr                       0x3229         Code  Gb  strchr.o [9]
strlen                       0x3285         Code  Gb  strlen.o [9]
sys_tick_counter        0x2020'020c    0x4  Data  Gb  tsp_isr.o [1]
tft_ascii                     0x120  0x5f0  Data  Gb  TSP_TFT18.o [3]
tsp_i2c_read_bytes           0x1a91   0x8a  Code  Gb  tsp_i2c.o [3]
tsp_i2c_write_bytes          0x1a39   0x58  Code  Gb  tsp_i2c.o [3]
tsp_spi_write_byte            0xc8d   0x14  Code  Lc  TSP_TFT18.o [3]
tsp_tft18_clear               0xd23   0x36  Code  Gb  TSP_TFT18.o [3]
tsp_tft18_init                0xb87  0x106  Code  Gb  TSP_TFT18.o [3]
tsp_tft18_set_region          0xced   0x36  Code  Gb  TSP_TFT18.o [3]
tsp_tft18_show_char           0xd59   0x5a  Code  Gb  TSP_TFT18.o [3]
tsp_tft18_show_char_color
                              0xdb3   0x72  Code  Gb  TSP_TFT18.o [3]
tsp_tft18_show_int16          0xea9   0x9c  Code  Gb  TSP_TFT18.o [3]
tsp_tft18_show_str            0xe41   0x28  Code  Gb  TSP_TFT18.o [3]
tsp_tft18_show_str_color
                              0xe69   0x40  Code  Gb  TSP_TFT18.o [3]
tsp_tft18_write_2byte         0xccd   0x20  Code  Gb  TSP_TFT18.o [3]
tsp_tft18_write_byte          0xcb7   0x16  Code  Gb  TSP_TFT18.o [3]
tsp_tft18_write_cmd           0xca1   0x16  Code  Gb  TSP_TFT18.o [3]


[1] = D:\Study_resources\电赛\main\main\TSP3519\TSP3519\iar\Debug\Obj\NUEDU2025_11847588325976546582.dir
[2] = D:\Study_resources\电赛\main\main\TSP3519\TSP3519\iar\Debug\Obj\SysConfig Generated Files_5435349133262493662.dir
[3] = D:\Study_resources\电赛\main\main\TSP3519\TSP3519\iar\Debug\Obj\TSP3519_9401757970942732151.dir
[4] = D:\Study_resources\电赛\main\main\TSP3519\TSP3519\iar\Debug\Obj\empty_mspm0g3519_13168490636323535303.dir
[5] = D:\Study_resources\电赛\main\main\TSP3519\TSP3519\iar\Debug\Obj\iar_102420246905159791.dir
[6] = dl6M_tlf.a
[7] = driverlib.a
[8] = m6M_tl.a
[9] = rt6M_tl.a
[10] = shb_l.a

  13'031 bytes of readonly  code memory
   2'021 bytes of readonly  data memory
   1'048 bytes of readwrite data memory

Errors: none
Warnings: none
